<html>
<head><meta charset="utf-8" /></head>
<body>
<div>
    <script src="https://cdnjs.cloudflare.com/ajax/libs/mathjax/2.7.5/MathJax.js?config=TeX-AMS-MML_SVG"></script>
    <script type="text/javascript">
window.PlotlyConfig = {MathJaxConfig: 'local'};
</script>
<script src="https://cdn.plot.ly/plotly-2.33.0.min.js"></script>

    <div
        id=id-1
        class="plotly-graph-div"
        style="height:100%; width:100%;">
    </div>
    <script type="text/javascript">
        
        window.PLOTLYENV = window.PLOTLYENV || {}
        
        if (document.getElementById('id-1')) {
    Plotly.newPlot(
        'id-1',
        [{"showlegend":false,
"y":[-1.0,0.0,1.0,2.0],
"type":"bar",
"yaxis":"y2",
"orientation":"v",
"x":["1",
"2",
"3",
"4"]},
{"showlegend":true,
"xaxis":"x99",
"x0":0,
"name":"yes",
"yaxis":"y99",
"legendgroup":"Annotation1",
"legendgrouptitle":{"text":"is"},
"marker":{"color":"black"},
"y":[0],
"type":"bar",
"y0":0,
"x":[0]},
{"showlegend":true,
"xaxis":"x99",
"x0":0,
"name":"maybe",
"yaxis":"y99",
"legendgroup":"Annotation1",
"marker":{"color":"darkgray"},
"y":[0],
"type":"bar",
"y0":0,
"x":[0]},
{"showlegend":true,
"xaxis":"x99",
"x0":0,
"name":"no",
"yaxis":"y99",
"legendgroup":"Annotation1",
"marker":{"color":"lightgray"},
"y":[0],
"type":"bar",
"y0":0,
"x":[0]},
{"showlegend":false,
"marker":{"color":["black",
"darkgray",
"lightgray",
"black"]},
"y":[1.0,1.0,1.0,1.0],
"type":"bar",
"name":"is",
"orientation":"v",
"x":["1",
"2",
"3",
"4"]}],
        {"showlegend":true,
"xaxis":{"showgrid":false,
"showticklabels":false},
"paper_bgcolor":"white",
"yaxis99":{"showgrid":false,
"showticklabels":false,
"domain":[0.0,0.001]},
"template":"simple_white",
"bargap":0.02,
"legend":{"tracegroupgap":0,
"itemdoubleclick":false},
"yaxis2":{"showgrid":true,
"gridcolor":"lightgrey",
"showticklabels":true,
"zeroline":true,
"range":[-1.03,2.03],
"domain":[0.055,1.0]},
"yaxis":{"showgrid":true,
"gridcolor":"lightgrey",
"showticklabels":false,
"range":[0.0,1.0],
"domain":[0.0,0.05]},
"xaxis99":{"showgrid":false,
"showticklabels":false,
"domain":[0.0,0.001]},
"annotations":[{"yanchor":"middle",
"xanchor":"right",
"y":0.5,
"yref":"y domain",
"showarrow":false,
"text":"is",
"xref":"x domain",
"x":0}],
"plot_bgcolor":"white",
"margin":{"l":50,
"b":50,
"r":50,
"t":50}},
        {"editable":false,
"responsive":true,
"staticPlot":false,
"scrollZoom":true},
    )
}

        
    </script>
</div>

</body>
</html>