<html>
<head><meta charset="utf-8" /></head>
<body>
<div>
    <script src="https://cdnjs.cloudflare.com/ajax/libs/mathjax/2.7.5/MathJax.js?config=TeX-AMS-MML_SVG"></script>
    <script type="text/javascript">
window.PlotlyConfig = {MathJaxConfig: 'local'};
</script>
<script src="https://cdn.plot.ly/plotly-2.33.0.min.js"></script>

    <div
        id=id-1
        class="plotly-graph-div"
        style="height:100%; width:100%;">
    </div>
    <script type="text/javascript">
        
        window.PLOTLYENV = window.PLOTLYENV || {}
        
        if (document.getElementById('id-1')) {
    Plotly.newPlot(
        'id-1',
        [{"showlegend":false,
"xaxis":"x2",
"y":["Foo",
"Bar",
"Baz",
"Vaz"],
"type":"bar",
"orientation":"h",
"x":[-1.0,0.0,1.0,2.0]},
{"showlegend":false,
"marker":{"color":[1.0,0.5,0.0,1.0],
"coloraxis":"coloraxis"},
"y":["Foo",
"Bar",
"Baz",
"Vaz"],
"type":"bar",
"name":"score",
"orientation":"h",
"x":[1.0,1.0,1.0,1.0]},
{"showlegend":false,
"marker":{"color":["black",
"darkgray",
"lightgray",
"black"]},
"xaxis":"x3",
"y":["Foo",
"Bar",
"Baz",
"Vaz"],
"type":"bar",
"name":"is",
"orientation":"h",
"x":[1.0,1.0,1.0,1.0]}],
        {"showlegend":false,
"coloraxis":{"showscale":false},
"xaxis":{"showgrid":true,
"gridcolor":"lightgrey",
"showticklabels":false,
"range":[0.0,1.0],
"domain":[0.0,0.05],
"title":"score"},
"paper_bgcolor":"white",
"bargap":0.02,
"template":"simple_white",
"legend":{"tracegroupgap":0},
"yaxis":{"showgrid":false,
"showticklabels":true},
"xaxis3":{"showgrid":true,
"gridcolor":"lightgrey",
"showticklabels":false,
"range":[0.0,1.0],
"domain":[0.055,0.10500000000000001],
"title":"is"},
"xaxis2":{"showgrid":true,
"gridcolor":"lightgrey",
"showticklabels":true,
"zeroline":true,
"range":[-1.03,2.03],
"domain":[0.11,1.0]},
"plot_bgcolor":"white",
"margin":{"l":50,
"b":50,
"r":50,
"t":50}},
        {"editable":false,
"responsive":true,
"staticPlot":false,
"scrollZoom":true},
    )
}

        
    </script>
</div>

</body>
</html>