<html>
<head><meta charset="utf-8" /></head>
<body>
<div>
    <script src="https://cdnjs.cloudflare.com/ajax/libs/mathjax/2.7.5/MathJax.js?config=TeX-AMS-MML_SVG"></script>
    <script type="text/javascript">
window.PlotlyConfig = {MathJaxConfig: 'local'};
</script>
<script src="https://cdn.plot.ly/plotly-2.33.0.min.js"></script>

    <div
        id=id-1
        class="plotly-graph-div"
        style="height:100%; width:100%;">
    </div>
    <script type="text/javascript">
        
        window.PLOTLYENV = window.PLOTLYENV || {}
        
        if (document.getElementById('id-1')) {
    Plotly.newPlot(
        'id-1',
        [{"mode":"lines",
"x0":0.0,
"y":[75.0,525.0,550.0,600.0,620.0,660.0,680.0,700.0,720.0,750.0,750.0,775.0,815.0,815.0,865.0,893.0,919.9999999999999,950.0,1000.0,1025.0,1150.0,1200.0,1600.0,2090.0,2230.0,2325.0],
"type":"scatter",
"fill":"tozerox",
"x":[0.03846154,0.07692308,0.115384616,0.15384616,0.1923077,0.23076923,0.26923078,0.30769232,0.34615386,0.3846154,0.42307693,0.46153846,0.5,0.53846157,0.5769231,0.61538464,0.65384614,0.6923077,0.7307692,0.7692308,0.8076923,0.84615386,0.88461536,0.9230769,0.96153843,1.0]},
{"mode":"lines",
"xaxis":"x2",
"x0":0.0,
"y":[430.0,450.0,450.0,459.99999999999994,459.99999999999994,470.0,470.0,480.0,480.0,490.00000000000006,490.00000000000006,500.0,500.0,509.99999999999994,509.99999999999994,520.0,520.0,530.0,530.0,540.0,540.0,550.0,550.0,560.0,560.0,570.0,570.0,580.0,580.0,590.0,590.0,600.0,600.0,620.0,620.0,630.0,630.0,640.0,640.0,650.0,650.0,660.0,660.0,670.0,680.0,690.0,690.0,700.0,700.0,710.0,710.0,720.0,730.0,730.0,740.0,740.0,750.0,750.0,760.0,760.0,770.0,770.0,780.0,780.0,790.0,790.0,800.0,800.0,810.0,810.0,819.9999999999999,819.9999999999999,830.0000000000001,830.0000000000001,840.0,840.0,850.0,850.0,860.0,860.0,869.9999999999999,869.9999999999999,880.0000000000001,880.0000000000001,890.0,890.0,900.0,900.0,910.0,919.9999999999999,930.0000000000001,930.0000000000001,940.0,960.0,1400.0,1500.0],
"type":"scatter",
"fill":"tozerox",
"x":[0.003649635,0.00729927,0.01459854,0.018248174,0.032846715,0.03649635,0.047445256,0.05109489,0.05839416,0.062043797,0.076642334,0.08029197,0.09489051,0.09854015,0.11678832,0.12043796,0.1350365,0.13868614,0.16058394,0.16423358,0.19343066,0.1970803,0.21532847,0.2189781,0.229927,0.23357664,0.24087591,0.24452555,0.25547445,0.2591241,0.2810219,0.28467155,0.30291972,0.30656934,0.31751823,0.3211679,0.32846716,0.33211678,0.34306568,0.34671533,0.3540146,0.35766423,0.36131388,0.3649635,0.36861312,0.37226278,0.3759124,0.37956205,0.39051095,0.3941606,0.40875912,0.41240877,0.4160584,0.4379562,0.44160584,0.459854,0.46350366,0.4890511,0.49270073,0.5218978,0.52554744,0.56569344,0.5693431,0.620438,0.6240876,0.6569343,0.6605839,0.68613136,0.689781,0.73357666,0.73722625,0.77737224,0.7810219,0.82846713,0.8321168,0.86496353,0.8686131,0.8868613,0.890511,0.9087591,0.91240877,0.9160584,0.919708,0.9379562,0.94160587,0.9489051,0.95255476,0.9708029,0.97445256,0.9781022,0.9817518,0.98540145,0.9890511,0.99270076,0.99635035,1.0]}],
        {"showlegend":false,
"xaxis":{"showgrid":true,
"gridcolor":"lightgrey",
"showticklabels":true,
"zeroline":true,
"range":[0.0,1.01],
"domain":[0.0,0.475]},
"paper_bgcolor":"white",
"xaxis2":{"showgrid":true,
"gridcolor":"lightgrey",
"showticklabels":true,
"zeroline":true,
"range":[0.0,1.01],
"domain":[0.525,1.0]},
"template":"simple_white",
"legend":{"tracegroupgap":0},
"plot_bgcolor":"white",
"yaxis":{"showgrid":true,
"gridcolor":"lightgrey",
"showticklabels":true,
"zeroline":true,
"range":[52.5,2347.5],
"ticksuffix":"<sub>%</sub>"},
"margin":{"l":50,
"b":50,
"r":50,
"t":50}},
        {"editable":false,
"responsive":true,
"staticPlot":false,
"scrollZoom":true},
    )
}

        
    </script>
</div>

</body>
</html>