<html>
<head><meta charset="utf-8" /></head>
<body>
<div>
    <script src="https://cdnjs.cloudflare.com/ajax/libs/mathjax/2.7.5/MathJax.js?config=TeX-AMS-MML_SVG"></script>
    <script type="text/javascript">
window.PlotlyConfig = {MathJaxConfig: 'local'};
</script>
<script src="https://cdn.plot.ly/plotly-2.3.0.min.js"></script>

    <div
        id=id-1
        class="plotly-graph-div"
        style="height:100%; width:100%;">
    </div>
    <script type="text/javascript">
        
        window.PLOTLYENV = window.PLOTLYENV || {}
        
        if (document.getElementById('id-1')) {
    Plotly.newPlot(
        'id-1',
        [{"y":[7900.0,5400.0,7400.0,6200.0,8500.0,5500.0,8800.0,8500.0,5100.0,8500.0,5400.0,8400.0,7800.0,4700.0,8300.0,5200.0,6200.0,8400.0,5200.0,7900.0,5100.0,4700.0,7800.0,6900.0,7400.0,8300.0,5500.0,7600.0,7800.0,7900.0,7300.0,7700.0,6600.0,8000.0,7400.0,5200.0,4800.0,8000.0,5900.0,9000.0,8000.0,5800.0,8400.0,5800.0,7300.0,8300.0,6400.0,5300.0,8200.0,5900.0,7500.0,9000.0,5400.0,8000.0,5400.0,8300.0,7100.0,6400.0,7700.0,8100.0,5900.0,8400.0,4800.0,8200.0,6000.0,9200.0,7800.0,7800.0,6500.0,7300.0,8200.0,5600.0,7900.0,7100.0,6200.0,7600.0,6000.0,7800.0,7600.0,8300.0,7500.0,8200.0,7000.0,6500.0,7300.0,8800.0,7600.0,8000.0,4800.0,8600.0,6000.0,9000.0,5000.0,7800.0,6300.0,7200.0,8400.0,7500.0,5100.0,8200.0,6200.0,8800.0,4900.0,8300.0,8100.0,4700.0,8400.0,5200.0,8600.0,8100.0,7500.0,5900.0,8900.0,7900.0,5900.0,8100.0,5000.0,8500.0,5900.0,8700.0,5300.0,6900.0,7700.0,5600.0,8800.0,8100.0,4500.0,8200.0,5500.0,9000.0,4500.0,8300.0,5600.0,8900.0,4600.0,8200.0,5100.0,8600.0,5300.0,7900.0,8100.0,6000.0,8200.0,7700.0,7600.0,5900.0,8000.0,4900.0,9600.0,5300.0,7700.0,7700.0,6500.0,8100.0,7100.0,7000.0,8100.0,9300.0,5300.0,8900.0,4500.0,8600.0,5800.0,7800.0,6600.0,7600.0,6300.0,8800.0,5200.0,9300.0,4900.0,5700.0,7700.0,6800.0,8100.0,8100.0,7300.0,5000.0,8500.0,7400.0,5500.0,7700.0,8300.0,8300.0,5100.0,7800.0,8400.0,4600.0,8300.0,5500.0,8100.0,5700.0,7600.0,8400.0,7700.0,8100.0,8700.0,7700.0,5100.0,7800.0,6000.0,8200.0,9100.0,5300.0,7800.0,4600.0,7700.0,8400.0,4900.0,8300.0,7100.0,8000.0,4900.0,7500.0,6400.0,7600.0,5300.0,9400.0,5500.0,7600.0,5000.0,8200.0,5400.0,7500.0,7800.0,7900.0,7800.0,7800.0,7000.0,7900.0,7000.0,5400.0,8600.0,5000.0,9000.0,5400.0,5400.0,7700.0,7900.0,6400.0,7500.0,4700.0,8600.0,6300.0,8500.0,8200.0,5700.0,8200.0,6700.0,7400.0,5400.0,8300.0,7300.0,7300.0,8800.0,8000.0,7100.0,8300.0,5600.0,7900.0,7800.0,8400.0,5800.0,8300.0,4300.0,6000.0,7500.0,8100.0,4600.0,9000.0,4600.0,7400.0,14000.0,15000.0],
"type":"violin",
"name":"Trace",
"box":{"visible":true},
"spanmode":"hard",
"side":"positive"}],
        {"showlegend":false,
"xaxis":{"showticklabels":false},
"paper_bgcolor":"white",
"template":"simple_white",
"legend":{"tracegroupgap":0},
"plot_bgcolor":"white",
"yaxis":{"showgrid":true,
"gridcolor":"lightgrey",
"showticklabels":true,
"zeroline":true,
"range":[4193.0,15107.0],
"ticksuffix":"<sub>%</sub>"},
"margin":{"l":50,
"b":50,
"r":50,
"t":50}},
        {"editable":false,
"responsive":true,
"staticPlot":false,
"scrollZoom":true},
    )
}

        
    </script>
</div>

</body>
</html>