<html>
<head><meta charset="utf-8" /></head>
<body>
<div>
    <script src="https://cdnjs.cloudflare.com/ajax/libs/mathjax/2.7.5/MathJax.js?config=TeX-AMS-MML_SVG"></script>
    <script type="text/javascript">
window.PlotlyConfig = {MathJaxConfig: 'local'};
</script>
<script src="https://cdn.plot.ly/plotly-2.33.0.min.js"></script>

    <div
        id=id-1
        class="plotly-graph-div"
        style="height:100%; width:100%;">
    </div>
    <script type="text/javascript">
        
        window.PLOTLYENV = window.PLOTLYENV || {}
        
        if (document.getElementById('id-1')) {
    Plotly.newPlot(
        'id-1',
        [{"mode":"lines",
"y":[12.070120944476823,12.1357092861044,12.1357092861044,12.167418145831737,12.167418145831737,12.198445041452363,12.198445041452363,12.228818690495881,12.228818690495881,12.258566033889933,12.258566033889933,12.287712379549449,12.287712379549449,12.31628153174622,12.31628153174622,12.344295907915816,12.344295907915816,12.371776644337924,12.371776644337924,12.398743691938193,12.398743691938193,12.425215903299383,12.425215903299383,12.451211111832329,12.451211111832329,12.476746203939467,12.476746203939467,12.501837184902296,12.501837184902296,12.526499239136566,12.526499239136566,12.550746785383243,12.550746785383243,12.5980525001616,12.5980525001616,12.621136113274641,12.621136113274641,12.643856189774725,12.643856189774725,12.66622400280318,12.66622400280318,12.688250309133178,12.688250309133178,12.709945380232497,12.731319031025064,12.752380646552893,12.752380646552893,12.77313920671969,12.77313920671969,12.793603309279407,12.793603309279407,12.813781191217037,12.833680748654741,12.833680748654741,12.853309555403674,12.853309555403674,12.872674880270605,12.872674880270605,12.89178370321831,12.89178370321831,12.910642730469625,12.910642730469625,12.929258408636972,12.929258408636972,12.947636937951827,12.947636937951827,12.965784284662087,12.965784284662087,12.98370619265935,12.98370619265935,13.001408194392809,13.001408194392809,13.018895621121649,13.018895621121649,13.036173612553485,13.036173612553485,13.053247125912426,13.053247125912426,13.070120944476823,13.070120944476823,13.086799685623452,13.086799685623452,13.103287808412022,13.103287808412022,13.119589620741122,13.119589620741122,13.1357092861044,13.1357092861044,13.151650829973422,13.167418145831737,13.183015000882756,13.183015000882756,13.198445041452363,13.228818690495881,13.77313920671969,13.872674880270605],
"type":"scatter",
"name":"Trace",
"fill":"tozerox",
"x":[0.3649635,0.729927,1.459854,1.8248175,3.2846715,3.649635,4.7445254,5.109489,5.839416,6.2043796,7.6642337,8.029197,9.489051,9.854014,11.678832,12.043796,13.50365,13.868613,16.058393,16.423357,19.343065,19.708029,21.532846,21.89781,22.9927,23.357664,24.087591,24.452555,25.547445,25.912409,28.10219,28.467154,30.291971,30.656935,31.751825,32.116787,32.846714,33.211678,34.30657,34.67153,35.40146,35.766422,36.131386,36.49635,36.861313,37.226276,37.59124,37.956203,39.051094,39.416058,40.87591,41.240875,41.60584,43.79562,44.160583,45.9854,46.350365,48.90511,49.270073,52.18978,52.554745,56.569344,56.934307,62.043797,62.40876,65.69343,66.058395,68.61314,68.9781,73.357666,73.722626,77.73723,78.10219,82.84672,83.21168,86.49635,86.86131,88.686134,89.051094,90.875916,91.240875,91.60584,91.9708,93.79562,94.16058,94.89051,95.25548,97.08029,97.44526,97.81022,98.175186,98.540146,98.90511,99.27007,99.63504,100.0]}],
        {"showlegend":false,
"xaxis":{"showgrid":true,
"gridcolor":"lightgrey",
"showticklabels":true,
"zeroline":true,
"range":[0.0,101.0],
"ticksuffix":"<sub>%</sub>"},
"paper_bgcolor":"white",
"template":"simple_white",
"legend":{"tracegroupgap":0},
"plot_bgcolor":"white",
"yaxis":{"showgrid":true,
"gridcolor":"lightgrey",
"showticklabels":true,
"zeroline":false,
"range":[12.052095,13.8907],
"tickprefix":"<sub>2</sub>",
"ticksuffix":"<sub>%</sub>"},
"margin":{"l":50,
"b":50,
"r":50,
"t":50}},
        {"editable":false,
"responsive":true,
"staticPlot":false,
"scrollZoom":true},
    )
}

        
    </script>
</div>

</body>
</html>