<html>
<head><meta charset="utf-8" /></head>
<body>
<div>
    <script src="https://cdnjs.cloudflare.com/ajax/libs/mathjax/2.7.5/MathJax.js?config=TeX-AMS-MML_SVG"></script>
    <script type="text/javascript">
window.PlotlyConfig = {MathJaxConfig: 'local'};
</script>
<script src="https://cdn.plot.ly/plotly-2.3.0.min.js"></script>

    <div
        id=id-1
        class="plotly-graph-div"
        style="height:100%; width:100%;">
    </div>
    <script type="text/javascript">
        
        window.PLOTLYENV = window.PLOTLYENV || {}
        
        if (document.getElementById('id-1')) {
    Plotly.newPlot(
        'id-1',
        [{"boxpoints":false,
"type":"violin",
"name":"Trace",
"points":false,
"box":{"visible":true},
"spanmode":"hard",
"x":[3.8976270912904414,3.7323937598229686,3.8692317197309762,3.792391689498254,3.929418925714293,3.7403626894942437,3.9444826721501687,3.929418925714293,3.7075701760979363,3.929418925714293,3.7323937598229686,3.9242792860618816,3.8920946026904804,3.6720978579357175,3.9190780923760737,3.716003343634799,3.792391689498254,3.9242792860618816,3.716003343634799,3.8976270912904414,3.7075701760979363,3.6720978579357175,3.8920946026904804,3.838849090737255,3.8692317197309762,3.9190780923760737,3.7403626894942437,3.8808135922807914,3.8920946026904804,3.8976270912904414,3.863322860120456,3.886490725172482,3.8195439355418688,3.9030899869919438,3.8692317197309762,3.716003343634799,3.681241237375587,3.9030899869919438,3.7708520116421442,3.9542425094393248,3.9030899869919438,3.7634279935629373,3.9242792860618816,3.7634279935629373,3.863322860120456,3.9190780923760737,3.806179973983887,3.724275869600789,3.9138138523837167,3.7708520116421442,3.8750612633917,3.9542425094393248,3.7323937598229686,3.9030899869919438,3.7323937598229686,3.9190780923760737,3.8512583487190755,3.806179973983887,3.886490725172482,3.90848501887865,3.7708520116421442,3.9242792860618816,3.681241237375587,3.9138138523837167,3.7781512503836434,3.963787827345555,3.8920946026904804,3.8920946026904804,3.8129133566428557,3.863322860120456,3.9138138523837167,3.7481880270062002,3.8976270912904414,3.8512583487190755,3.792391689498254,3.8808135922807914,3.7781512503836434,3.8920946026904804,3.8808135922807914,3.9190780923760737,3.8750612633917,3.9138138523837167,3.845098040014257,3.8129133566428557,3.863322860120456,3.9444826721501687,3.8808135922807914,3.9030899869919438,3.681241237375587,3.934498451243568,3.7781512503836434,3.9542425094393248,3.6989700043360187,3.8920946026904804,3.7993405494535817,3.8573324964312685,3.9242792860618816,3.8750612633917,3.7075701760979363,3.9138138523837167,3.792391689498254,3.9444826721501687,3.690196080028514,3.9190780923760737,3.90848501887865,3.6720978579357175,3.9242792860618816,3.716003343634799,3.934498451243568,3.90848501887865,3.8750612633917,3.7708520116421442,3.949390006644913,3.8976270912904414,3.7708520116421442,3.90848501887865,3.6989700043360187,3.929418925714293,3.7708520116421442,3.9395192526186187,3.724275869600789,3.838849090737255,3.886490725172482,3.7481880270062002,3.9444826721501687,3.90848501887865,3.6532125137753435,3.9138138523837167,3.7403626894942437,3.9542425094393248,3.6532125137753435,3.9190780923760737,3.7481880270062002,3.949390006644913,3.662757831681574,3.9138138523837167,3.7075701760979363,3.934498451243568,3.724275869600789,3.8976270912904414,3.90848501887865,3.7781512503836434,3.9138138523837167,3.886490725172482,3.8808135922807914,3.7708520116421442,3.9030899869919438,3.690196080028514,3.9822712330395684,3.724275869600789,3.886490725172482,3.886490725172482,3.8129133566428557,3.90848501887865,3.8512583487190755,3.845098040014257,3.90848501887865,3.9684829485539352,3.724275869600789,3.949390006644913,3.6532125137753435,3.934498451243568,3.7634279935629373,3.8920946026904804,3.8195439355418688,3.8808135922807914,3.7993405494535817,3.9444826721501687,3.716003343634799,3.9684829485539352,3.690196080028514,3.7558748556724915,3.886490725172482,3.832508912706236,3.90848501887865,3.90848501887865,3.863322860120456,3.6989700043360187,3.929418925714293,3.8692317197309762,3.7403626894942437,3.886490725172482,3.9190780923760737,3.9190780923760737,3.7075701760979363,3.8920946026904804,3.9242792860618816,3.662757831681574,3.9190780923760737,3.7403626894942437,3.90848501887865,3.7558748556724915,3.8808135922807914,3.9242792860618816,3.886490725172482,3.90848501887865,3.9395192526186187,3.886490725172482,3.7075701760979363,3.8920946026904804,3.7781512503836434,3.9138138523837167,3.9590413923210934,3.724275869600789,3.8920946026904804,3.662757831681574,3.886490725172482,3.9242792860618816,3.690196080028514,3.9190780923760737,3.8512583487190755,3.9030899869919438,3.690196080028514,3.8750612633917,3.806179973983887,3.8808135922807914,3.724275869600789,3.9731278535996988,3.7403626894942437,3.8808135922807914,3.6989700043360187,3.9138138523837167,3.7323937598229686,3.8750612633917,3.8920946026904804,3.8976270912904414,3.8920946026904804,3.8920946026904804,3.845098040014257,3.8976270912904414,3.845098040014257,3.7323937598229686,3.934498451243568,3.6989700043360187,3.9542425094393248,3.7323937598229686,3.7323937598229686,3.886490725172482,3.8976270912904414,3.806179973983887,3.8750612633917,3.6720978579357175,3.934498451243568,3.7993405494535817,3.929418925714293,3.9138138523837167,3.7558748556724915,3.9138138523837167,3.8260748027008264,3.8692317197309762,3.7323937598229686,3.9190780923760737,3.863322860120456,3.863322860120456,3.9444826721501687,3.9030899869919438,3.8512583487190755,3.9190780923760737,3.7481880270062002,3.8976270912904414,3.8920946026904804,3.9242792860618816,3.7634279935629373,3.9190780923760737,3.6334684555795866,3.7781512503836434,3.8750612633917,3.90848501887865,3.662757831681574,3.9542425094393248,3.662757831681574,3.8692317197309762,4.146128035678238,4.176091259055681]}],
        {"showlegend":false,
"xaxis":{"showgrid":true,
"gridcolor":"lightgrey",
"showticklabels":true,
"range":[3.6280422,4.1815176],
"tickprefix":"<sub>10</sub>",
"ticksuffix":"<sub>%</sub>"},
"paper_bgcolor":"white",
"template":"simple_white",
"plot_bgcolor":"white",
"yaxis":{"showticklabels":false},
"margin":{"l":50,
"b":50,
"r":50,
"t":50}},
        {"editable":false,
"responsive":true,
"staticPlot":false,
"scrollZoom":true},
    )
}

        
    </script>
</div>

</body>
</html>