<html>
<head><meta charset="utf-8" /></head>
<body>
<div>
    <script src="https://cdnjs.cloudflare.com/ajax/libs/mathjax/2.7.5/MathJax.js?config=TeX-AMS-MML_SVG"></script>
    <script type="text/javascript">
window.PlotlyConfig = {MathJaxConfig: 'local'};
</script>
<script src="https://cdn.plot.ly/plotly-2.3.0.min.js"></script>

    <div
        id=id-1
        class="plotly-graph-div"
        style="height:100%; width:100%;">
    </div>
    <script type="text/javascript">
        
        window.PLOTLYENV = window.PLOTLYENV || {}
        
        if (document.getElementById('id-1')) {
    Plotly.newPlot(
        'id-1',
        [{"mode":"lines",
"y":[1.0,2.0,3.0,4.0,5.0,6.0,7.0,8.0,9.0,10.0,11.0,12.0,13.0,14.0,15.0,16.0,17.0,18.0,19.0,20.0,21.0,22.0,23.0,24.0,25.0,26.0],
"type":"scatter",
"y0":0.0,
"fill":"tozeroy",
"yaxis":"y",
"x":[6.22881869049588,9.036173612553485,9.103287808412022,9.228818690495881,9.276124405274238,9.366322214245816,9.409390936137703,9.451211111832329,9.491853096329674,9.550746785383243,9.550746785383243,9.5980525001616,9.67065624911844,9.67065624911844,9.756556322524087,9.802516365121223,9.845490050944376,9.89178370321831,9.965784284662087,10.001408194392809,10.167418145831737,10.228818690495881,10.643856189774725,11.029287226968245,11.122827994807666,11.183015000882756]},
{"mode":"lines",
"y":[1.0,2.0,4.0,5.0,9.0,10.0,13.0,14.0,16.0,17.0,21.0,22.0,26.0,27.0,32.0,33.0,37.0,38.0,44.0,45.0,53.0,54.0,59.0,60.0,63.0,64.0,66.0,67.0,70.0,71.0,77.0,78.0,83.0,84.0,87.0,88.0,90.0,91.0,94.0,95.0,97.0,98.0,99.0,100.0,101.0,102.0,103.0,104.0,107.0,108.0,112.0,113.0,114.0,120.0,121.0,126.0,127.0,134.0,135.0,143.0,144.0,155.0,156.0,170.0,171.0,180.0,181.0,188.0,189.0,201.0,202.0,213.0,214.0,227.0,228.0,237.0,238.0,243.0,244.0,249.0,250.0,251.0,252.0,257.0,258.0,260.0,261.0,266.0,267.0,268.0,269.0,270.0,271.0,272.0,273.0,274.0],
"type":"scatter",
"y0":0.0,
"fill":"tozeroy",
"yaxis":"y2",
"x":[8.74819284958946,8.813781191217037,8.813781191217037,8.845490050944376,8.845490050944376,8.876516946565,8.876516946565,8.906890595608518,8.906890595608518,8.936637939002571,8.936637939002571,8.965784284662087,8.965784284662087,8.994353436858857,8.994353436858857,9.022367813028454,9.022367813028454,9.049848549450562,9.049848549450562,9.076815597050832,9.076815597050832,9.103287808412022,9.103287808412022,9.129283016944967,9.129283016944967,9.154818109052105,9.154818109052105,9.179909090014934,9.179909090014934,9.204571144249204,9.204571144249204,9.228818690495881,9.228818690495881,9.276124405274238,9.276124405274238,9.29920801838728,9.29920801838728,9.321928094887362,9.321928094887362,9.344295907915816,9.344295907915816,9.366322214245816,9.366322214245816,9.388017285345136,9.409390936137703,9.430452551665532,9.430452551665532,9.451211111832329,9.451211111832329,9.471675214392045,9.471675214392045,9.491853096329674,9.51175265376738,9.51175265376738,9.531381460516313,9.531381460516313,9.550746785383243,9.550746785383243,9.569855608330949,9.569855608330949,9.588714635582264,9.588714635582264,9.60733031374961,9.60733031374961,9.625708843064466,9.625708843064466,9.643856189774725,9.643856189774725,9.661778097771988,9.661778097771988,9.679480099505446,9.679480099505446,9.696967526234287,9.696967526234287,9.714245517666123,9.714245517666123,9.731319031025064,9.731319031025064,9.74819284958946,9.74819284958946,9.76487159073609,9.76487159073609,9.78135971352466,9.78135971352466,9.79766152585376,9.79766152585376,9.813781191217037,9.813781191217037,9.829722735086058,9.845490050944376,9.861086905995395,9.861086905995395,9.876516946565,9.906890595608518,10.451211111832329,10.550746785383243]}],
        {"showlegend":false,
"xaxis":{"showgrid":true,
"gridcolor":"lightgrey",
"showticklabels":true,
"zeroline":false,
"range":[6.179277,11.232557],
"tickprefix":"<sub>2</sub>",
"ticksuffix":"<sub>%</sub>"},
"paper_bgcolor":"white",
"template":"simple_white",
"legend":{"tracegroupgap":0},
"plot_bgcolor":"white",
"yaxis":{"showgrid":true,
"gridcolor":"lightgrey",
"showticklabels":true,
"zeroline":true,
"range":[0.0,27.0],
"domain":[0.0,0.475]},
"yaxis2":{"showgrid":true,
"gridcolor":"lightgrey",
"showticklabels":true,
"zeroline":true,
"range":[0.0,275.0],
"domain":[0.525,1.0]},
"margin":{"l":50,
"b":50,
"r":50,
"t":50}},
        {"editable":false,
"responsive":true,
"staticPlot":false,
"scrollZoom":true},
    )
}

        
    </script>
</div>

</body>
</html>