<html>
<head><meta charset="utf-8" /></head>
<body>
<div>
    <script src="https://cdnjs.cloudflare.com/ajax/libs/mathjax/2.7.5/MathJax.js?config=TeX-AMS-MML_SVG"></script>
    <script type="text/javascript">
window.PlotlyConfig = {MathJaxConfig: 'local'};
</script>
<script src="https://cdn.plot.ly/plotly-2.3.0.min.js"></script>

    <div
        id=id-1
        class="plotly-graph-div"
        style="height:100%; width:100%;">
    </div>
    <script type="text/javascript">
        
        window.PLOTLYENV = window.PLOTLYENV || {}
        
        if (document.getElementById('id-1')) {
    Plotly.newPlot(
        'id-1',
        [{"mode":"lines",
"y":[0.3649635,0.729927,1.459854,1.8248175,3.2846715,3.649635,4.7445254,5.109489,5.839416,6.2043796,7.6642337,8.029197,9.489051,9.854014,11.678832,12.043796,13.50365,13.868613,16.058393,16.423357,19.343065,19.708029,21.532846,21.89781,22.9927,23.357664,24.087591,24.452555,25.547445,25.912409,28.10219,28.467154,30.291971,30.656935,31.751825,32.116787,32.846714,33.211678,34.30657,34.67153,35.40146,35.766422,36.131386,36.49635,36.861313,37.226276,37.59124,37.956203,39.051094,39.416058,40.87591,41.240875,41.60584,43.79562,44.160583,45.9854,46.350365,48.90511,49.270073,52.18978,52.554745,56.569344,56.934307,62.043797,62.40876,65.69343,66.058395,68.61314,68.9781,73.357666,73.722626,77.73723,78.10219,82.84672,83.21168,86.49635,86.86131,88.686134,89.051094,90.875916,91.240875,91.60584,91.9708,93.79562,94.16058,94.89051,95.25548,97.08029,97.44526,97.81022,98.175186,98.540146,98.90511,99.27007,99.63504,100.0],
"type":"scatter",
"name":"Trace",
"fill":"tozeroy",
"x":[43,45,45,46,46,47,47,48,48,49,49,50,50,51,51,52,52,53,53,54,54,55,55,56,56,57,57,58,58,59,59,60,60,62,62,63,63,64,64,65,65,66,66,67,68,69,69,70,70,71,71,72,73,73,74,74,75,75,76,76,77,77,78,78,79,79,80,80,81,81,82,82,83,83,84,84,85,85,86,86,87,87,88,88,89,89,90,90,91,92,93,93,94,96,140,150]}],
        {"showlegend":false,
"xaxis":{"showgrid":true,
"gridcolor":"lightgrey",
"showticklabels":true,
"zeroline":true,
"range":[41.93,151.07]},
"shapes":[{"line":{"color":null,
"dash":"dot"},
"x0":50.0,
"type":"line",
"y0":0,
"y1":1,
"yref":"y domain",
"xref":"x",
"x1":50.0},
{"line":{"color":null,
"dash":null},
"x0":80.0,
"type":"line",
"y0":0,
"y1":1,
"yref":"y domain",
"xref":"x",
"x1":80.0},
{"line":{"color":null,
"dash":"dash"},
"x0":120.0,
"type":"line",
"y0":0,
"y1":1,
"yref":"y domain",
"xref":"x",
"x1":120.0}],
"paper_bgcolor":"white",
"template":"simple_white",
"legend":{"tracegroupgap":0},
"plot_bgcolor":"white",
"yaxis":{"showgrid":true,
"gridcolor":"lightgrey",
"showticklabels":true,
"zeroline":true,
"range":[0.0,101.0],
"ticksuffix":"<sub>%</sub>"},
"margin":{"l":50,
"b":50,
"r":50,
"t":50}},
        {"editable":false,
"responsive":true,
"staticPlot":false,
"scrollZoom":true},
    )
}

        
    </script>
</div>

</body>
</html>