<html>
<head><meta charset="utf-8" /></head>
<body>
<div>
    <script src="https://cdnjs.cloudflare.com/ajax/libs/mathjax/2.7.5/MathJax.js?config=TeX-AMS-MML_SVG"></script>
    <script type="text/javascript">
window.PlotlyConfig = {MathJaxConfig: 'local'};
</script>
<script src="https://cdn.plot.ly/plotly-2.3.0.min.js"></script>

    <div
        id=id-1
        class="plotly-graph-div"
        style="height:100%; width:100%;">
    </div>
    <script type="text/javascript">
        
        window.PLOTLYENV = window.PLOTLYENV || {}
        
        if (document.getElementById('id-1')) {
    Plotly.newPlot(
        'id-1',
        [{"mode":"lines",
"y":[1.0,2.0,3.0,4.0,5.0,6.0,7.0,8.0,9.0,10.0,11.0,12.0,13.0,14.0,15.0,16.0,17.0,18.0,19.0,20.0,21.0,22.0,23.0,24.0,25.0,26.0],
"type":"scatter",
"y0":0.0,
"fill":"tozeroy",
"x":[75.0,525.0,550.0,600.0,620.0,660.0,680.0,700.0,720.0,750.0,750.0,775.0,815.0,815.0,865.0,893.0,919.9999999999999,950.0,1000.0,1025.0,1150.0,1200.0,1600.0,2090.0,2230.0,2325.0]},
{"mode":"lines",
"y":[1.0,2.0,4.0,5.0,9.0,10.0,13.0,14.0,16.0,17.0,21.0,22.0,26.0,27.0,32.0,33.0,37.0,38.0,44.0,45.0,53.0,54.0,59.0,60.0,63.0,64.0,66.0,67.0,70.0,71.0,77.0,78.0,83.0,84.0,87.0,88.0,90.0,91.0,94.0,95.0,97.0,98.0,99.0,100.0,101.0,102.0,103.0,104.0,107.0,108.0,112.0,113.0,114.0,120.0,121.0,126.0,127.0,134.0,135.0,143.0,144.0,155.0,156.0,170.0,171.0,180.0,181.0,188.0,189.0,201.0,202.0,213.0,214.0,227.0,228.0,237.0,238.0,243.0,244.0,249.0,250.0,251.0,252.0,257.0,258.0,260.0,261.0,266.0,267.0,268.0,269.0,270.0,271.0,272.0,273.0,274.0],
"type":"scatter",
"y0":0.0,
"fill":"tozeroy",
"yaxis":"y2",
"x":[430.0,450.0,450.0,459.99999999999994,459.99999999999994,470.0,470.0,480.0,480.0,490.00000000000006,490.00000000000006,500.0,500.0,509.99999999999994,509.99999999999994,520.0,520.0,530.0,530.0,540.0,540.0,550.0,550.0,560.0,560.0,570.0,570.0,580.0,580.0,590.0,590.0,600.0,600.0,620.0,620.0,630.0,630.0,640.0,640.0,650.0,650.0,660.0,660.0,670.0,680.0,690.0,690.0,700.0,700.0,710.0,710.0,720.0,730.0,730.0,740.0,740.0,750.0,750.0,760.0,760.0,770.0,770.0,780.0,780.0,790.0,790.0,800.0,800.0,810.0,810.0,819.9999999999999,819.9999999999999,830.0000000000001,830.0000000000001,840.0,840.0,850.0,850.0,860.0,860.0,869.9999999999999,869.9999999999999,880.0000000000001,880.0000000000001,890.0,890.0,900.0,900.0,910.0,919.9999999999999,930.0000000000001,930.0000000000001,940.0,960.0,1400.0,1500.0]}],
        {"showlegend":false,
"xaxis":{"showgrid":true,
"gridcolor":"lightgrey",
"showticklabels":true,
"zeroline":true,
"range":[52.5,2347.5],
"ticksuffix":"<sub>%</sub>"},
"paper_bgcolor":"white",
"template":"simple_white",
"legend":{"tracegroupgap":0},
"plot_bgcolor":"white",
"yaxis":{"showgrid":true,
"gridcolor":"lightgrey",
"showticklabels":true,
"zeroline":true,
"range":[0.0,27.0],
"domain":[0.0,0.475]},
"yaxis2":{"showgrid":true,
"gridcolor":"lightgrey",
"showticklabels":true,
"zeroline":true,
"range":[0.0,275.0],
"domain":[0.525,1.0]},
"margin":{"l":50,
"b":50,
"r":50,
"t":50}},
        {"editable":false,
"responsive":true,
"staticPlot":false,
"scrollZoom":true},
    )
}

        
    </script>
</div>

</body>
</html>