<html>
<head><meta charset="utf-8" /></head>
<body>
<div>
    <script src="https://cdnjs.cloudflare.com/ajax/libs/mathjax/2.7.5/MathJax.js?config=TeX-AMS-MML_SVG"></script>
    <script type="text/javascript">
window.PlotlyConfig = {MathJaxConfig: 'local'};
</script>
<script src="https://cdn.plot.ly/plotly-2.3.0.min.js"></script>

    <div
        id=id-1
        class="plotly-graph-div"
        style="height:100%; width:100%;">
    </div>
    <script type="text/javascript">
        
        window.PLOTLYENV = window.PLOTLYENV || {}
        
        if (document.getElementById('id-1')) {
    Plotly.newPlot(
        'id-1',
        [{"mode":"lines",
"y":[3.8461537,7.6923075,11.538462,15.384615,19.23077,23.076923,26.923077,30.76923,34.615383,38.46154,42.307693,46.153847,50.0,53.846153,57.692307,61.53846,65.38461,69.23077,73.07692,76.92308,80.76923,84.61539,88.46154,92.30769,96.15385,100.0],
"type":"scatter",
"y0":0,
"fill":"tozeroy",
"yaxis":"y",
"x":[1.8750612633917,2.720159303405957,2.7403626894942437,2.7781512503836434,2.792391689498254,2.8195439355418688,2.832508912706236,2.845098040014257,2.8573324964312685,2.8750612633917,2.8750612633917,2.88930170250631,2.9111576087399764,2.9111576087399764,2.9370161074648142,2.9508514588885464,2.963787827345555,2.9777236052888476,3.0,3.010723865391773,3.060697840353612,3.0791812460476247,3.2041199826559246,3.3201462861110542,3.3483048630481607,3.3664229572259727]},
{"mode":"lines",
"y":[0.3649635,0.729927,1.459854,1.8248175,3.2846715,3.649635,4.7445254,5.109489,5.839416,6.2043796,7.6642337,8.029197,9.489051,9.854014,11.678832,12.043796,13.50365,13.868613,16.058393,16.423357,19.343065,19.708029,21.532846,21.89781,22.9927,23.357664,24.087591,24.452555,25.547445,25.912409,28.10219,28.467154,30.291971,30.656935,31.751825,32.116787,32.846714,33.211678,34.30657,34.67153,35.40146,35.766422,36.131386,36.49635,36.861313,37.226276,37.59124,37.956203,39.051094,39.416058,40.87591,41.240875,41.60584,43.79562,44.160583,45.9854,46.350365,48.90511,49.270073,52.18978,52.554745,56.569344,56.934307,62.043797,62.40876,65.69343,66.058395,68.61314,68.9781,73.357666,73.722626,77.73723,78.10219,82.84672,83.21168,86.49635,86.86131,88.686134,89.051094,90.875916,91.240875,91.60584,91.9708,93.79562,94.16058,94.89051,95.25548,97.08029,97.44526,97.81022,98.175186,98.540146,98.90511,99.27007,99.63504,100.0],
"type":"scatter",
"y0":0,
"fill":"tozeroy",
"yaxis":"y2",
"x":[2.6334684555795866,2.6532125137753435,2.6532125137753435,2.662757831681574,2.662757831681574,2.6720978579357175,2.6720978579357175,2.681241237375587,2.681241237375587,2.690196080028514,2.690196080028514,2.6989700043360187,2.6989700043360187,2.7075701760979363,2.7075701760979363,2.716003343634799,2.716003343634799,2.724275869600789,2.724275869600789,2.7323937598229686,2.7323937598229686,2.7403626894942437,2.7403626894942437,2.7481880270062002,2.7481880270062002,2.7558748556724915,2.7558748556724915,2.7634279935629373,2.7634279935629373,2.7708520116421442,2.7708520116421442,2.7781512503836434,2.7781512503836434,2.792391689498254,2.792391689498254,2.7993405494535817,2.7993405494535817,2.806179973983887,2.806179973983887,2.8129133566428557,2.8129133566428557,2.8195439355418688,2.8195439355418688,2.8260748027008264,2.832508912706236,2.838849090737255,2.838849090737255,2.845098040014257,2.845098040014257,2.8512583487190755,2.8512583487190755,2.8573324964312685,2.863322860120456,2.863322860120456,2.8692317197309762,2.8692317197309762,2.8750612633917,2.8750612633917,2.8808135922807914,2.8808135922807914,2.886490725172482,2.886490725172482,2.8920946026904804,2.8920946026904804,2.8976270912904414,2.8976270912904414,2.9030899869919438,2.9030899869919438,2.90848501887865,2.90848501887865,2.9138138523837167,2.9138138523837167,2.919078092376074,2.919078092376074,2.9242792860618816,2.9242792860618816,2.929418925714293,2.929418925714293,2.934498451243568,2.934498451243568,2.9395192526186187,2.9395192526186187,2.9444826721501687,2.9444826721501687,2.949390006644913,2.949390006644913,2.9542425094393248,2.9542425094393248,2.9590413923210934,2.963787827345555,2.9684829485539352,2.9684829485539352,2.9731278535996988,2.9822712330395684,3.146128035678238,3.1760912590556813]}],
        {"showlegend":false,
"xaxis":{"showgrid":true,
"gridcolor":"lightgrey",
"showticklabels":true,
"zeroline":false,
"range":[1.8601477,3.3813365],
"tickprefix":"<sub>10</sub>",
"ticksuffix":"<sub>%</sub>"},
"paper_bgcolor":"white",
"template":"simple_white",
"legend":{"tracegroupgap":0},
"plot_bgcolor":"white",
"yaxis":{"showgrid":true,
"gridcolor":"lightgrey",
"showticklabels":true,
"zeroline":true,
"range":[0.0,101.0],
"domain":[0.0,0.48780487804878053],
"ticksuffix":"<sub>%</sub>"},
"yaxis2":{"showgrid":true,
"gridcolor":"lightgrey",
"showticklabels":true,
"zeroline":true,
"range":[0.0,101.0],
"domain":[0.5121951219512195,1.0],
"ticksuffix":"<sub>%</sub>"},
"margin":{"l":50,
"b":50,
"r":50,
"t":50}},
        {"editable":false,
"responsive":true,
"staticPlot":false,
"scrollZoom":true},
    )
}

        
    </script>
</div>

</body>
</html>