<html>
<head><meta charset="utf-8" /></head>
<body>
<div>
    <script src="https://cdnjs.cloudflare.com/ajax/libs/mathjax/2.7.5/MathJax.js?config=TeX-AMS-MML_SVG"></script>
    <script type="text/javascript">
window.PlotlyConfig = {MathJaxConfig: 'local'};
</script>
<script src="https://cdn.plot.ly/plotly-2.3.0.min.js"></script>

    <div
        id=id-1
        class="plotly-graph-div"
        style="height:100%; width:100%;">
    </div>
    <script type="text/javascript">
        
        window.PLOTLYENV = window.PLOTLYENV || {}
        
        if (document.getElementById('id-1')) {
    Plotly.newPlot(
        'id-1',
        [{"mode":"lines",
"y":[3.8461537,7.6923075,11.538462,15.384615,19.23077,23.076923,26.923077,30.76923,34.615383,38.46154,42.307693,46.153847,50.0,53.846153,57.692307,61.53846,65.38461,69.23077,73.07692,76.92308,80.76923,84.61539,88.46154,92.30769,96.15385,100.0],
"type":"scatter",
"y0":0.0,
"fill":"tozeroy",
"yaxis":"y",
"x":[-0.12493873660829995,0.7201593034059569,0.7403626894942439,0.7781512503836436,0.7923916894982539,0.8195439355418687,0.8325089127062363,0.8450980400142568,0.8573324964312685,0.8750612633917001,0.8750612633917001,0.8893017025063102,0.9111576087399766,0.9111576087399766,0.9370161074648142,0.9508514588885464,0.9637878273455552,0.9777236052888477,1.0,1.0107238653917732,1.0606978403536116,1.0791812460476249,1.2041199826559248,1.320146286111054,1.3483048630481607,1.3664229572259727]},
{"mode":"lines",
"y":[0.3649635,0.729927,1.459854,1.8248175,3.2846715,3.649635,4.7445254,5.109489,5.839416,6.2043796,7.6642337,8.029197,9.489051,9.854014,11.678832,12.043796,13.50365,13.868613,16.058393,16.423357,19.343065,19.708029,21.532846,21.89781,22.9927,23.357664,24.087591,24.452555,25.547445,25.912409,28.10219,28.467154,30.291971,30.656935,31.751825,32.116787,32.846714,33.211678,34.30657,34.67153,35.40146,35.766422,36.131386,36.49635,36.861313,37.226276,37.59124,37.956203,39.051094,39.416058,40.87591,41.240875,41.60584,43.79562,44.160583,45.9854,46.350365,48.90511,49.270073,52.18978,52.554745,56.569344,56.934307,62.043797,62.40876,65.69343,66.058395,68.61314,68.9781,73.357666,73.722626,77.73723,78.10219,82.84672,83.21168,86.49635,86.86131,88.686134,89.051094,90.875916,91.240875,91.60584,91.9708,93.79562,94.16058,94.89051,95.25548,97.08029,97.44526,97.81022,98.175186,98.540146,98.90511,99.27007,99.63504,100.0],
"type":"scatter",
"y0":0.0,
"fill":"tozeroy",
"yaxis":"y2",
"x":[0.6334684555795865,0.6532125137753437,0.6532125137753437,0.6627578316815741,0.6627578316815741,0.6720978579357175,0.6720978579357175,0.6812412373755872,0.6812412373755872,0.6901960800285137,0.6901960800285137,0.6989700043360189,0.6989700043360189,0.7075701760979364,0.7075701760979364,0.7160033436347992,0.7160033436347992,0.724275869600789,0.724275869600789,0.7323937598229685,0.7323937598229685,0.7403626894942439,0.7403626894942439,0.7481880270062004,0.7481880270062004,0.7558748556724915,0.7558748556724915,0.7634279935629372,0.7634279935629372,0.7708520116421442,0.7708520116421442,0.7781512503836436,0.7781512503836436,0.7923916894982539,0.7923916894982539,0.7993405494535817,0.7993405494535817,0.8061799739838872,0.8061799739838872,0.8129133566428556,0.8129133566428556,0.8195439355418687,0.8195439355418687,0.8260748027008264,0.8325089127062363,0.8388490907372553,0.8388490907372553,0.8450980400142568,0.8450980400142568,0.8512583487190752,0.8512583487190752,0.8573324964312685,0.8633228601204559,0.8633228601204559,0.8692317197309762,0.8692317197309762,0.8750612633917001,0.8750612633917001,0.8808135922807914,0.8808135922807914,0.8864907251724818,0.8864907251724818,0.8920946026904804,0.8920946026904804,0.8976270912904415,0.8976270912904415,0.9030899869919435,0.9030899869919435,0.9084850188786497,0.9084850188786497,0.9138138523837167,0.9138138523837167,0.919078092376074,0.919078092376074,0.9242792860618817,0.9242792860618817,0.9294189257142927,0.9294189257142927,0.9344984512435677,0.9344984512435677,0.9395192526186185,0.9395192526186185,0.9444826721501687,0.9444826721501687,0.9493900066449128,0.9493900066449128,0.9542425094393249,0.9542425094393249,0.9590413923210935,0.9637878273455552,0.9684829485539351,0.9684829485539351,0.9731278535996987,0.9822712330395684,1.146128035678238,1.1760912590556813]}],
        {"showlegend":false,
"xaxis":{"showgrid":true,
"gridcolor":"lightgrey",
"showticklabels":true,
"zeroline":false,
"range":[-0.13985234,1.3813366],
"tickprefix":"<sub>10</sub>"},
"paper_bgcolor":"white",
"template":"simple_white",
"legend":{"tracegroupgap":0},
"plot_bgcolor":"white",
"yaxis":{"showgrid":true,
"gridcolor":"lightgrey",
"showticklabels":true,
"zeroline":true,
"range":[0.0,101.0],
"domain":[0.0,0.475],
"ticksuffix":"<sub>%</sub>"},
"yaxis2":{"showgrid":true,
"gridcolor":"lightgrey",
"showticklabels":true,
"zeroline":true,
"range":[0.0,101.0],
"domain":[0.525,1.0],
"ticksuffix":"<sub>%</sub>"},
"margin":{"l":50,
"b":50,
"r":50,
"t":50}},
        {"editable":false,
"responsive":true,
"staticPlot":false,
"scrollZoom":true},
    )
}

        
    </script>
</div>

</body>
</html>