<html>
<head><meta charset="utf-8" /></head>
<body>
<div>
    <script src="https://cdnjs.cloudflare.com/ajax/libs/mathjax/2.7.5/MathJax.js?config=TeX-AMS-MML_SVG"></script>
    <script type="text/javascript">
window.PlotlyConfig = {MathJaxConfig: 'local'};
</script>
<script src="https://cdn.plot.ly/plotly-2.3.0.min.js"></script>

    <div
        id=id-1
        class="plotly-graph-div"
        style="height:100%; width:100%;">
    </div>
    <script type="text/javascript">
        
        window.PLOTLYENV = window.PLOTLYENV || {}
        
        if (document.getElementById('id-1')) {
    Plotly.newPlot(
        'id-1',
        [{"mode":"lines",
"y":[43.0,45.0,45.0,46.0,46.0,47.0,47.0,48.0,48.0,49.0,49.0,50.0,50.0,51.0,51.0,52.0,52.0,53.0,53.0,54.0,54.0,55.0,55.0,56.0,56.0,57.0,57.0,58.0,58.0,59.0,59.0,60.0,60.0,62.0,62.0,63.0,63.0,64.0,64.0,65.0,65.0,66.0,66.0,67.0,68.0,69.0,69.0,70.0,70.0,71.0,71.0,72.0,73.0,73.0,74.0,74.0,75.0,75.0,76.0,76.0,77.0,77.0,78.0,78.0,79.0,79.0,80.0,80.0,81.0,81.0,82.0,82.0,83.0,83.0,84.0,84.0,85.0,85.0,86.0,86.0,87.0,87.0,88.0,88.0,89.0,89.0,90.0,90.0,91.0,92.0,93.0,93.0,94.0,96.0,140.0,150.0],
"type":"scatter",
"name":"Trace",
"fill":"tozerox",
"x":[0.003649635,0.00729927,0.01459854,0.018248174,0.032846715,0.03649635,0.047445256,0.05109489,0.05839416,0.062043797,0.076642334,0.08029197,0.09489051,0.09854015,0.11678832,0.12043796,0.1350365,0.13868614,0.16058394,0.16423358,0.19343066,0.1970803,0.21532847,0.2189781,0.229927,0.23357664,0.24087591,0.24452555,0.25547445,0.2591241,0.2810219,0.28467155,0.30291972,0.30656934,0.31751823,0.3211679,0.32846716,0.33211678,0.34306568,0.34671533,0.3540146,0.35766423,0.36131388,0.3649635,0.36861312,0.37226278,0.3759124,0.37956205,0.39051095,0.3941606,0.40875912,0.41240877,0.4160584,0.4379562,0.44160584,0.459854,0.46350366,0.4890511,0.49270073,0.5218978,0.52554744,0.56569344,0.5693431,0.620438,0.6240876,0.6569343,0.6605839,0.68613136,0.689781,0.73357666,0.73722625,0.77737224,0.7810219,0.82846713,0.8321168,0.86496353,0.8686131,0.8868613,0.890511,0.9087591,0.91240877,0.9160584,0.919708,0.9379562,0.94160587,0.9489051,0.95255476,0.9708029,0.97445256,0.9781022,0.9817518,0.98540145,0.9890511,0.99270076,0.99635035,1.0]}],
        {"showlegend":false,
"xaxis":{"showgrid":false,
"showticklabels":true,
"zeroline":true,
"range":[0.0,1.01]},
"paper_bgcolor":"white",
"template":"simple_white",
"legend":{"tracegroupgap":0},
"plot_bgcolor":"white",
"yaxis":{"showgrid":false,
"showticklabels":true,
"zeroline":true,
"range":[41.93,151.07]},
"margin":{"l":50,
"b":50,
"r":50,
"t":50}},
        {"editable":false,
"responsive":true,
"staticPlot":false,
"scrollZoom":true},
    )
}

        
    </script>
</div>

</body>
</html>