<html>
<head><meta charset="utf-8" /></head>
<body>
<div>
    <script src="https://cdnjs.cloudflare.com/ajax/libs/mathjax/2.7.5/MathJax.js?config=TeX-AMS-MML_SVG"></script>
    <script type="text/javascript">
window.PlotlyConfig = {MathJaxConfig: 'local'};
</script>
<script src="https://cdn.plot.ly/plotly-2.3.0.min.js"></script>

    <div
        id=id-1
        class="plotly-graph-div"
        style="height:100%; width:100%;">
    </div>
    <script type="text/javascript">
        
        window.PLOTLYENV = window.PLOTLYENV || {}
        
        if (document.getElementById('id-1')) {
    Plotly.newPlot(
        'id-1',
        [{"mode":"lines",
"xaxis":"x",
"x0":0,
"y":[1.8750612633917,2.720159303405957,2.7403626894942437,2.7781512503836434,2.792391689498254,2.8195439355418688,2.832508912706236,2.845098040014257,2.8573324964312685,2.8750612633917,2.8750612633917,2.88930170250631,2.9111576087399764,2.9111576087399764,2.9370161074648142,2.9508514588885464,2.963787827345555,2.9777236052888476,3.0,3.010723865391773,3.060697840353612,3.0791812460476247,3.2041199826559246,3.3201462861110542,3.3483048630481607,3.3664229572259727],
"type":"scatter",
"fill":"tozerox",
"x":[0.03846154,0.07692308,0.115384616,0.15384616,0.1923077,0.23076923,0.26923078,0.30769232,0.34615386,0.3846154,0.42307693,0.46153846,0.5,0.53846157,0.5769231,0.61538464,0.65384614,0.6923077,0.7307692,0.7692308,0.8076923,0.84615386,0.88461536,0.9230769,0.96153843,1.0]},
{"mode":"lines",
"xaxis":"x2",
"x0":0,
"y":[2.6334684555795866,2.6532125137753435,2.6532125137753435,2.662757831681574,2.662757831681574,2.6720978579357175,2.6720978579357175,2.681241237375587,2.681241237375587,2.690196080028514,2.690196080028514,2.6989700043360187,2.6989700043360187,2.7075701760979363,2.7075701760979363,2.716003343634799,2.716003343634799,2.724275869600789,2.724275869600789,2.7323937598229686,2.7323937598229686,2.7403626894942437,2.7403626894942437,2.7481880270062002,2.7481880270062002,2.7558748556724915,2.7558748556724915,2.7634279935629373,2.7634279935629373,2.7708520116421442,2.7708520116421442,2.7781512503836434,2.7781512503836434,2.792391689498254,2.792391689498254,2.7993405494535817,2.7993405494535817,2.806179973983887,2.806179973983887,2.8129133566428557,2.8129133566428557,2.8195439355418688,2.8195439355418688,2.8260748027008264,2.832508912706236,2.838849090737255,2.838849090737255,2.845098040014257,2.845098040014257,2.8512583487190755,2.8512583487190755,2.8573324964312685,2.863322860120456,2.863322860120456,2.8692317197309762,2.8692317197309762,2.8750612633917,2.8750612633917,2.8808135922807914,2.8808135922807914,2.886490725172482,2.886490725172482,2.8920946026904804,2.8920946026904804,2.8976270912904414,2.8976270912904414,2.9030899869919438,2.9030899869919438,2.90848501887865,2.90848501887865,2.9138138523837167,2.9138138523837167,2.919078092376074,2.919078092376074,2.9242792860618816,2.9242792860618816,2.929418925714293,2.929418925714293,2.934498451243568,2.934498451243568,2.9395192526186187,2.9395192526186187,2.9444826721501687,2.9444826721501687,2.949390006644913,2.949390006644913,2.9542425094393248,2.9542425094393248,2.9590413923210934,2.963787827345555,2.9684829485539352,2.9684829485539352,2.9731278535996988,2.9822712330395684,3.146128035678238,3.1760912590556813],
"type":"scatter",
"fill":"tozerox",
"x":[0.003649635,0.00729927,0.01459854,0.018248174,0.032846715,0.03649635,0.047445256,0.05109489,0.05839416,0.062043797,0.076642334,0.08029197,0.09489051,0.09854015,0.11678832,0.12043796,0.1350365,0.13868614,0.16058394,0.16423358,0.19343066,0.1970803,0.21532847,0.2189781,0.229927,0.23357664,0.24087591,0.24452555,0.25547445,0.2591241,0.2810219,0.28467155,0.30291972,0.30656934,0.31751823,0.3211679,0.32846716,0.33211678,0.34306568,0.34671533,0.3540146,0.35766423,0.36131388,0.3649635,0.36861312,0.37226278,0.3759124,0.37956205,0.39051095,0.3941606,0.40875912,0.41240877,0.4160584,0.4379562,0.44160584,0.459854,0.46350366,0.4890511,0.49270073,0.5218978,0.52554744,0.56569344,0.5693431,0.620438,0.6240876,0.6569343,0.6605839,0.68613136,0.689781,0.73357666,0.73722625,0.77737224,0.7810219,0.82846713,0.8321168,0.86496353,0.8686131,0.8868613,0.890511,0.9087591,0.91240877,0.9160584,0.919708,0.9379562,0.94160587,0.9489051,0.95255476,0.9708029,0.97445256,0.9781022,0.9817518,0.98540145,0.9890511,0.99270076,0.99635035,1.0]}],
        {"showlegend":false,
"xaxis":{"showgrid":true,
"gridcolor":"lightgrey",
"showticklabels":true,
"zeroline":true,
"range":[0.0,1.01],
"domain":[0.0,0.48780487804878053]},
"paper_bgcolor":"white",
"xaxis2":{"showgrid":true,
"gridcolor":"lightgrey",
"showticklabels":true,
"zeroline":true,
"range":[0.0,1.01],
"domain":[0.5121951219512195,1.0]},
"template":"simple_white",
"legend":{"tracegroupgap":0},
"plot_bgcolor":"white",
"yaxis":{"showgrid":true,
"gridcolor":"lightgrey",
"showticklabels":true,
"zeroline":false,
"range":[1.8601477,3.3813365],
"tickprefix":"<sub>10</sub>",
"ticksuffix":"<sub>%</sub>"},
"margin":{"l":50,
"b":50,
"r":50,
"t":50}},
        {"editable":false,
"responsive":true,
"staticPlot":false,
"scrollZoom":true},
    )
}

        
    </script>
</div>

</body>
</html>