<html>
<head><meta charset="utf-8" /></head>
<body>
<div>
    <script src="https://cdnjs.cloudflare.com/ajax/libs/mathjax/2.7.5/MathJax.js?config=TeX-AMS-MML_SVG"></script>
    <script type="text/javascript">
window.PlotlyConfig = {MathJaxConfig: 'local'};
</script>
<script src="https://cdn.plot.ly/plotly-2.3.0.min.js"></script>

    <div
        id=id-1
        class="plotly-graph-div"
        style="height:100%; width:100%;">
    </div>
    <script type="text/javascript">
        
        window.PLOTLYENV = window.PLOTLYENV || {}
        
        if (document.getElementById('id-1')) {
    Plotly.newPlot(
        'id-1',
        [{"mode":"lines",
"y":[3.8461537,7.6923075,11.538462,15.384615,19.23077,23.076923,26.923077,30.76923,34.615383,38.46154,42.307693,46.153847,50.0,53.846153,57.692307,61.53846,65.38461,69.23077,73.07692,76.92308,80.76923,84.61539,88.46154,92.30769,96.15385,100.0],
"type":"scatter",
"y0":0.0,
"fill":"tozeroy",
"yaxis":"y",
"x":[6.22881869049588,9.036173612553485,9.103287808412022,9.228818690495881,9.276124405274238,9.366322214245816,9.409390936137703,9.451211111832329,9.491853096329674,9.550746785383243,9.550746785383243,9.5980525001616,9.67065624911844,9.67065624911844,9.756556322524087,9.802516365121223,9.845490050944376,9.89178370321831,9.965784284662087,10.001408194392809,10.167418145831737,10.228818690495881,10.643856189774725,11.029287226968245,11.122827994807666,11.183015000882756]},
{"mode":"lines",
"y":[0.3649635,0.729927,1.459854,1.8248175,3.2846715,3.649635,4.7445254,5.109489,5.839416,6.2043796,7.6642337,8.029197,9.489051,9.854014,11.678832,12.043796,13.50365,13.868613,16.058393,16.423357,19.343065,19.708029,21.532846,21.89781,22.9927,23.357664,24.087591,24.452555,25.547445,25.912409,28.10219,28.467154,30.291971,30.656935,31.751825,32.116787,32.846714,33.211678,34.30657,34.67153,35.40146,35.766422,36.131386,36.49635,36.861313,37.226276,37.59124,37.956203,39.051094,39.416058,40.87591,41.240875,41.60584,43.79562,44.160583,45.9854,46.350365,48.90511,49.270073,52.18978,52.554745,56.569344,56.934307,62.043797,62.40876,65.69343,66.058395,68.61314,68.9781,73.357666,73.722626,77.73723,78.10219,82.84672,83.21168,86.49635,86.86131,88.686134,89.051094,90.875916,91.240875,91.60584,91.9708,93.79562,94.16058,94.89051,95.25548,97.08029,97.44526,97.81022,98.175186,98.540146,98.90511,99.27007,99.63504,100.0],
"type":"scatter",
"y0":0.0,
"fill":"tozeroy",
"yaxis":"y2",
"x":[8.74819284958946,8.813781191217037,8.813781191217037,8.845490050944376,8.845490050944376,8.876516946565,8.876516946565,8.906890595608518,8.906890595608518,8.936637939002571,8.936637939002571,8.965784284662087,8.965784284662087,8.994353436858857,8.994353436858857,9.022367813028454,9.022367813028454,9.049848549450562,9.049848549450562,9.076815597050832,9.076815597050832,9.103287808412022,9.103287808412022,9.129283016944967,9.129283016944967,9.154818109052105,9.154818109052105,9.179909090014934,9.179909090014934,9.204571144249204,9.204571144249204,9.228818690495881,9.228818690495881,9.276124405274238,9.276124405274238,9.29920801838728,9.29920801838728,9.321928094887362,9.321928094887362,9.344295907915816,9.344295907915816,9.366322214245816,9.366322214245816,9.388017285345136,9.409390936137703,9.430452551665532,9.430452551665532,9.451211111832329,9.451211111832329,9.471675214392045,9.471675214392045,9.491853096329674,9.51175265376738,9.51175265376738,9.531381460516313,9.531381460516313,9.550746785383243,9.550746785383243,9.569855608330949,9.569855608330949,9.588714635582264,9.588714635582264,9.60733031374961,9.60733031374961,9.625708843064466,9.625708843064466,9.643856189774725,9.643856189774725,9.661778097771988,9.661778097771988,9.679480099505446,9.679480099505446,9.696967526234287,9.696967526234287,9.714245517666123,9.714245517666123,9.731319031025064,9.731319031025064,9.74819284958946,9.74819284958946,9.76487159073609,9.76487159073609,9.78135971352466,9.78135971352466,9.79766152585376,9.79766152585376,9.813781191217037,9.813781191217037,9.829722735086058,9.845490050944376,9.861086905995395,9.861086905995395,9.876516946565,9.906890595608518,10.451211111832329,10.550746785383243]}],
        {"showlegend":false,
"xaxis":{"showgrid":true,
"gridcolor":"lightgrey",
"showticklabels":true,
"zeroline":false,
"range":[6.179277,11.232557],
"tickprefix":"<sub>2</sub>",
"ticksuffix":"<sub>%</sub>"},
"paper_bgcolor":"white",
"template":"simple_white",
"legend":{"tracegroupgap":0},
"plot_bgcolor":"white",
"yaxis":{"showgrid":true,
"gridcolor":"lightgrey",
"showticklabels":true,
"zeroline":true,
"range":[0.0,101.0],
"domain":[0.0,0.48780487804878053],
"ticksuffix":"<sub>%</sub>"},
"yaxis2":{"showgrid":true,
"gridcolor":"lightgrey",
"showticklabels":true,
"zeroline":true,
"range":[0.0,101.0],
"domain":[0.5121951219512195,1.0],
"ticksuffix":"<sub>%</sub>"},
"margin":{"l":50,
"b":50,
"r":50,
"t":50}},
        {"editable":false,
"responsive":true,
"staticPlot":false,
"scrollZoom":true},
    )
}

        
    </script>
</div>

</body>
</html>