<html>
<head><meta charset="utf-8" /></head>
<body>
<div>
    <script src="https://cdnjs.cloudflare.com/ajax/libs/mathjax/2.7.5/MathJax.js?config=TeX-AMS-MML_SVG"></script>
    <script type="text/javascript">
window.PlotlyConfig = {MathJaxConfig: 'local'};
</script>
<script src="https://cdn.plot.ly/plotly-2.3.0.min.js"></script>

    <div
        id=id-1
        class="plotly-graph-div"
        style="height:100%; width:100%;">
    </div>
    <script type="text/javascript">
        
        window.PLOTLYENV = window.PLOTLYENV || {}
        
        if (document.getElementById('id-1')) {
    Plotly.newPlot(
        'id-1',
        [{"side":"positive",
"boxpoints":false,
"type":"violin",
"name":"Trace",
"points":false,
"box":{"visible":false},
"legendgroup":"Trace",
"x":[6.303780748177103,5.754887502163468,6.20945336562895,5.954196310386875,6.409390936137702,5.78135971352466,6.459431618637297,6.409390936137702,5.672425341971495,6.409390936137702,5.754887502163468,6.392317422778761,6.285402218862249,5.554588851677638,6.3750394313469245,5.700439718141092,5.954196310386875,6.392317422778761,5.700439718141092,6.303780748177103,5.672425341971495,5.554588851677638,6.285402218862249,6.108524456778169,6.20945336562895,6.3750394313469245,5.78135971352466,6.247927513443585,6.285402218862249,6.303780748177103,6.189824558880018,6.266786540694901,6.044394119358453,6.321928094887363,6.20945336562895,5.700439718141092,5.584962500721156,6.321928094887363,5.882643049361842,6.491853096329675,6.321928094887363,5.857980995127572,6.392317422778761,5.857980995127572,6.189824558880018,6.3750394313469245,6.0,5.727920454563199,6.357552004618084,5.882643049361842,6.22881869049588,6.491853096329675,5.754887502163468,6.321928094887363,5.754887502163468,6.3750394313469245,6.149747119504682,6.0,6.266786540694901,6.339850002884624,5.882643049361842,6.392317422778761,5.584962500721156,6.357552004618084,5.906890595608519,6.523561956057013,6.285402218862249,6.285402218862249,6.022367813028454,6.189824558880018,6.357552004618084,5.807354922057604,6.303780748177103,6.149747119504682,5.954196310386875,6.247927513443585,5.906890595608519,6.285402218862249,6.247927513443585,6.3750394313469245,6.22881869049588,6.357552004618084,6.129283016944966,6.022367813028454,6.189824558880018,6.459431618637297,6.247927513443585,6.321928094887363,5.584962500721156,6.426264754702098,5.906890595608519,6.491853096329675,5.643856189774724,6.285402218862249,5.977279923499917,6.169925001442312,6.392317422778761,6.22881869049588,5.672425341971495,6.357552004618084,5.954196310386875,6.459431618637297,5.614709844115208,6.3750394313469245,6.339850002884624,5.554588851677638,6.392317422778761,5.700439718141092,6.426264754702098,6.339850002884624,6.22881869049588,5.882643049361842,6.475733430966398,6.303780748177103,5.882643049361842,6.339850002884624,5.643856189774724,6.409390936137702,5.882643049361842,6.442943495848728,5.727920454563199,6.108524456778169,6.266786540694901,5.807354922057604,6.459431618637297,6.339850002884624,5.491853096329675,6.357552004618084,5.78135971352466,6.491853096329675,5.491853096329675,6.3750394313469245,5.807354922057604,6.475733430966398,5.523561956057013,6.357552004618084,5.672425341971495,6.426264754702098,5.727920454563199,6.303780748177103,6.339850002884624,5.906890595608519,6.357552004618084,6.266786540694901,6.247927513443585,5.882643049361842,6.321928094887363,5.614709844115208,6.584962500721156,5.727920454563199,6.266786540694901,6.266786540694901,6.022367813028454,6.339850002884624,6.149747119504682,6.129283016944966,6.339850002884624,6.539158811108031,5.727920454563199,6.475733430966398,5.491853096329675,6.426264754702098,5.857980995127572,6.285402218862249,6.044394119358453,6.247927513443585,5.977279923499917,6.459431618637297,5.700439718141092,6.539158811108031,5.614709844115208,5.832890014164741,6.266786540694901,6.087462841250339,6.339850002884624,6.339850002884624,6.189824558880018,5.643856189774724,6.409390936137702,6.20945336562895,5.78135971352466,6.266786540694901,6.3750394313469245,6.3750394313469245,5.672425341971495,6.285402218862249,6.392317422778761,5.523561956057013,6.3750394313469245,5.78135971352466,6.339850002884624,5.832890014164741,6.247927513443585,6.392317422778761,6.266786540694901,6.339850002884624,6.442943495848728,6.266786540694901,5.672425341971495,6.285402218862249,5.906890595608519,6.357552004618084,6.507794640198696,5.727920454563199,6.285402218862249,5.523561956057013,6.266786540694901,6.392317422778761,5.614709844115208,6.3750394313469245,6.149747119504682,6.321928094887363,5.614709844115208,6.22881869049588,6.0,6.247927513443585,5.727920454563199,6.554588851677638,5.78135971352466,6.247927513443585,5.643856189774724,6.357552004618084,5.754887502163468,6.22881869049588,6.285402218862249,6.303780748177103,6.285402218862249,6.285402218862249,6.129283016944966,6.303780748177103,6.129283016944966,5.754887502163468,6.426264754702098,5.643856189774724,6.491853096329675,5.754887502163468,5.754887502163468,6.266786540694901,6.303780748177103,6.0,6.22881869049588,5.554588851677638,6.426264754702098,5.977279923499917,6.409390936137702,6.357552004618084,5.832890014164741,6.357552004618084,6.066089190457772,6.20945336562895,5.754887502163468,6.3750394313469245,6.189824558880018,6.189824558880018,6.459431618637297,6.321928094887363,6.149747119504682,6.3750394313469245,5.807354922057604,6.303780748177103,6.285402218862249,6.392317422778761,5.857980995127572,6.3750394313469245,5.426264754702098,5.906890595608519,6.22881869049588,6.339850002884624,5.523561956057013,6.491853096329675,5.523561956057013,6.20945336562895,7.129283016944966,7.22881869049588]}],
        {"showlegend":false,
"xaxis":{"showgrid":true,
"gridcolor":"lightgrey",
"showticklabels":true,
"zeroline":false,
"range":[5.426265,7.228819],
"tickprefix":"<sub>2</sub>"},
"shapes":[],
"template":"simple_white",
"legend":{"tracegroupgap":0,
"itemdoubleclick":false},
"margin":{"l":50,
"b":50,
"r":50,
"t":50},
"yaxis":{"showgrid":false,
"gridcolor":"lightgrey",
"showticklabels":false,
"range":[null,null]}},
        {"editable":false,
"responsive":true,
"staticPlot":false,
"scrollZoom":true},
    )
}

        
    </script>
</div>

</body>
</html>