<html>
<head><meta charset="utf-8" /></head>
<body>
<div>
    <script src="https://cdnjs.cloudflare.com/ajax/libs/mathjax/2.7.5/MathJax.js?config=TeX-AMS-MML_SVG"></script>
    <script type="text/javascript">
window.PlotlyConfig = {MathJaxConfig: 'local'};
</script>
<script src="https://cdn.plot.ly/plotly-2.3.0.min.js"></script>

    <div
        id=id-1
        class="plotly-graph-div"
        style="height:100%; width:100%;">
    </div>
    <script type="text/javascript">
        
        window.PLOTLYENV = window.PLOTLYENV || {}
        
        if (document.getElementById('id-1')) {
    Plotly.newPlot(
        'id-1',
        [{"mode":"lines",
"y":[1.0,2.0,3.0,4.0,5.0,6.0,7.0,8.0,9.0,10.0,11.0,12.0,13.0,14.0,15.0,16.0,17.0,18.0,19.0,20.0,21.0,22.0,23.0,24.0,25.0,26.0],
"type":"scatter",
"y0":0.0,
"fill":"tozeroy",
"x":[1.8750612633917,2.720159303405957,2.7403626894942437,2.7781512503836434,2.792391689498254,2.8195439355418688,2.832508912706236,2.845098040014257,2.8573324964312685,2.8750612633917,2.8750612633917,2.88930170250631,2.9111576087399764,2.9111576087399764,2.9370161074648142,2.9508514588885464,2.963787827345555,2.9777236052888476,3.0,3.010723865391773,3.060697840353612,3.0791812460476247,3.2041199826559246,3.3201462861110542,3.3483048630481607,3.3664229572259727]},
{"mode":"lines",
"y":[1.0,2.0,4.0,5.0,9.0,10.0,13.0,14.0,16.0,17.0,21.0,22.0,26.0,27.0,32.0,33.0,37.0,38.0,44.0,45.0,53.0,54.0,59.0,60.0,63.0,64.0,66.0,67.0,70.0,71.0,77.0,78.0,83.0,84.0,87.0,88.0,90.0,91.0,94.0,95.0,97.0,98.0,99.0,100.0,101.0,102.0,103.0,104.0,107.0,108.0,112.0,113.0,114.0,120.0,121.0,126.0,127.0,134.0,135.0,143.0,144.0,155.0,156.0,170.0,171.0,180.0,181.0,188.0,189.0,201.0,202.0,213.0,214.0,227.0,228.0,237.0,238.0,243.0,244.0,249.0,250.0,251.0,252.0,257.0,258.0,260.0,261.0,266.0,267.0,268.0,269.0,270.0,271.0,272.0,273.0,274.0],
"type":"scatter",
"y0":0.0,
"fill":"tozeroy",
"yaxis":"y2",
"x":[2.6334684555795866,2.6532125137753435,2.6532125137753435,2.662757831681574,2.662757831681574,2.6720978579357175,2.6720978579357175,2.681241237375587,2.681241237375587,2.690196080028514,2.690196080028514,2.6989700043360187,2.6989700043360187,2.7075701760979363,2.7075701760979363,2.716003343634799,2.716003343634799,2.724275869600789,2.724275869600789,2.7323937598229686,2.7323937598229686,2.7403626894942437,2.7403626894942437,2.7481880270062002,2.7481880270062002,2.7558748556724915,2.7558748556724915,2.7634279935629373,2.7634279935629373,2.7708520116421442,2.7708520116421442,2.7781512503836434,2.7781512503836434,2.792391689498254,2.792391689498254,2.7993405494535817,2.7993405494535817,2.806179973983887,2.806179973983887,2.8129133566428557,2.8129133566428557,2.8195439355418688,2.8195439355418688,2.8260748027008264,2.832508912706236,2.838849090737255,2.838849090737255,2.845098040014257,2.845098040014257,2.8512583487190755,2.8512583487190755,2.8573324964312685,2.863322860120456,2.863322860120456,2.8692317197309762,2.8692317197309762,2.8750612633917,2.8750612633917,2.8808135922807914,2.8808135922807914,2.886490725172482,2.886490725172482,2.8920946026904804,2.8920946026904804,2.8976270912904414,2.8976270912904414,2.9030899869919438,2.9030899869919438,2.90848501887865,2.90848501887865,2.9138138523837167,2.9138138523837167,2.919078092376074,2.919078092376074,2.9242792860618816,2.9242792860618816,2.929418925714293,2.929418925714293,2.934498451243568,2.934498451243568,2.9395192526186187,2.9395192526186187,2.9444826721501687,2.9444826721501687,2.949390006644913,2.949390006644913,2.9542425094393248,2.9542425094393248,2.9590413923210934,2.963787827345555,2.9684829485539352,2.9684829485539352,2.9731278535996988,2.9822712330395684,3.146128035678238,3.1760912590556813]}],
        {"showlegend":false,
"xaxis":{"showgrid":true,
"gridcolor":"lightgrey",
"showticklabels":true,
"zeroline":false,
"range":[1.8601477,3.3813365],
"tickprefix":"<sub>10</sub>",
"ticksuffix":"<sub>%</sub>"},
"paper_bgcolor":"white",
"template":"simple_white",
"legend":{"tracegroupgap":0},
"plot_bgcolor":"white",
"yaxis":{"showgrid":true,
"gridcolor":"lightgrey",
"showticklabels":true,
"zeroline":true,
"range":[0.0,27.0],
"domain":[0.0,0.475]},
"yaxis2":{"showgrid":true,
"gridcolor":"lightgrey",
"showticklabels":true,
"zeroline":true,
"range":[0.0,275.0],
"domain":[0.525,1.0]},
"margin":{"l":50,
"b":50,
"r":50,
"t":50}},
        {"editable":false,
"responsive":true,
"staticPlot":false,
"scrollZoom":true},
    )
}

        
    </script>
</div>

</body>
</html>