<html>
<head><meta charset="utf-8" /></head>
<body>
<div>
    <script src="https://cdnjs.cloudflare.com/ajax/libs/mathjax/2.7.5/MathJax.js?config=TeX-AMS-MML_SVG"></script>
    <script type="text/javascript">
window.PlotlyConfig = {MathJaxConfig: 'local'};
</script>
<script src="https://cdn.plot.ly/plotly-2.3.0.min.js"></script>

    <div
        id=id-1
        class="plotly-graph-div"
        style="height:100%; width:100%;">
    </div>
    <script type="text/javascript">
        
        window.PLOTLYENV = window.PLOTLYENV || {}
        
        if (document.getElementById('id-1')) {
    Plotly.newPlot(
        'id-1',
        [{"mode":"lines",
"y":[0.003649635,0.00729927,0.01459854,0.018248174,0.032846715,0.03649635,0.047445256,0.05109489,0.05839416,0.062043797,0.076642334,0.08029197,0.09489051,0.09854015,0.11678832,0.12043796,0.1350365,0.13868614,0.16058394,0.16423358,0.19343066,0.1970803,0.21532847,0.2189781,0.229927,0.23357664,0.24087591,0.24452555,0.25547445,0.2591241,0.2810219,0.28467155,0.30291972,0.30656934,0.31751823,0.3211679,0.32846716,0.33211678,0.34306568,0.34671533,0.3540146,0.35766423,0.36131388,0.3649635,0.36861312,0.37226278,0.3759124,0.37956205,0.39051095,0.3941606,0.40875912,0.41240877,0.4160584,0.4379562,0.44160584,0.459854,0.46350366,0.4890511,0.49270073,0.5218978,0.52554744,0.56569344,0.5693431,0.620438,0.6240876,0.6569343,0.6605839,0.68613136,0.689781,0.73357666,0.73722625,0.77737224,0.7810219,0.82846713,0.8321168,0.86496353,0.8686131,0.8868613,0.890511,0.9087591,0.91240877,0.9160584,0.919708,0.9379562,0.94160587,0.9489051,0.95255476,0.9708029,0.97445256,0.9781022,0.9817518,0.98540145,0.9890511,0.99270076,0.99635035,1.0],
"type":"scatter",
"name":"Trace",
"fill":"tozeroy",
"x":[1.6334684555795864,1.6532125137753437,1.6532125137753437,1.662757831681574,1.662757831681574,1.6720978579357175,1.6720978579357175,1.6812412373755872,1.6812412373755872,1.6901960800285136,1.6901960800285136,1.6989700043360187,1.6989700043360187,1.7075701760979363,1.7075701760979363,1.7160033436347992,1.7160033436347992,1.724275869600789,1.724275869600789,1.7323937598229686,1.7323937598229686,1.7403626894942439,1.7403626894942439,1.7481880270062005,1.7481880270062005,1.7558748556724915,1.7558748556724915,1.7634279935629373,1.7634279935629373,1.7708520116421442,1.7708520116421442,1.7781512503836436,1.7781512503836436,1.792391689498254,1.792391689498254,1.7993405494535817,1.7993405494535817,1.806179973983887,1.806179973983887,1.8129133566428555,1.8129133566428555,1.8195439355418688,1.8195439355418688,1.8260748027008264,1.8325089127062364,1.8388490907372552,1.8388490907372552,1.845098040014257,1.845098040014257,1.8512583487190752,1.8512583487190752,1.8573324964312685,1.863322860120456,1.863322860120456,1.8692317197309762,1.8692317197309762,1.8750612633917,1.8750612633917,1.8808135922807914,1.8808135922807914,1.8864907251724818,1.8864907251724818,1.8920946026904804,1.8920946026904804,1.8976270912904414,1.8976270912904414,1.9030899869919435,1.9030899869919435,1.9084850188786497,1.9084850188786497,1.9138138523837167,1.9138138523837167,1.919078092376074,1.919078092376074,1.9242792860618816,1.9242792860618816,1.9294189257142926,1.9294189257142926,1.9344984512435677,1.9344984512435677,1.9395192526186185,1.9395192526186185,1.9444826721501687,1.9444826721501687,1.9493900066449128,1.9493900066449128,1.954242509439325,1.954242509439325,1.9590413923210936,1.9637878273455553,1.968482948553935,1.968482948553935,1.9731278535996986,1.9822712330395684,2.146128035678238,2.1760912590556813]}],
        {"showlegend":false,
"xaxis":{"showgrid":true,
"gridcolor":"lightgrey",
"showticklabels":true,
"zeroline":false,
"range":[1.6280423,2.1815174],
"tickprefix":"<sub>10</sub>"},
"paper_bgcolor":"white",
"template":"simple_white",
"legend":{"tracegroupgap":0},
"plot_bgcolor":"white",
"yaxis":{"showgrid":true,
"gridcolor":"lightgrey",
"showticklabels":true,
"zeroline":true,
"range":[0.0,1.01]},
"margin":{"l":50,
"b":50,
"r":50,
"t":50}},
        {"editable":false,
"responsive":true,
"staticPlot":false,
"scrollZoom":true},
    )
}

        
    </script>
</div>

</body>
</html>