<html>
<head><meta charset="utf-8" /></head>
<body>
<div>
    <script src="https://cdnjs.cloudflare.com/ajax/libs/mathjax/2.7.5/MathJax.js?config=TeX-AMS-MML_SVG"></script>
    <script type="text/javascript">
window.PlotlyConfig = {MathJaxConfig: 'local'};
</script>
<script src="https://cdn.plot.ly/plotly-2.3.0.min.js"></script>

    <div
        id=id-1
        class="plotly-graph-div"
        style="height:100%; width:100%;">
    </div>
    <script type="text/javascript">
        
        window.PLOTLYENV = window.PLOTLYENV || {}
        
        if (document.getElementById('id-1')) {
    Plotly.newPlot(
        'id-1',
        [{"mode":"lines",
"xaxis":"x",
"x0":0.0,
"y":[0.75,5.25,5.5,6.0,6.2,6.6,6.8,7.0,7.2,7.5,7.5,7.75,8.15,8.15,8.65,8.93,9.2,9.5,10.0,10.25,11.5,12.0,16.0,20.9,22.3,23.25],
"type":"scatter",
"fill":"tozerox",
"x":[0.03846154,0.07692308,0.115384616,0.15384616,0.1923077,0.23076923,0.26923078,0.30769232,0.34615386,0.3846154,0.42307693,0.46153846,0.5,0.53846157,0.5769231,0.61538464,0.65384614,0.6923077,0.7307692,0.7692308,0.8076923,0.84615386,0.88461536,0.9230769,0.96153843,1.0]},
{"mode":"lines",
"xaxis":"x2",
"x0":0.0,
"y":[4.3,4.5,4.5,4.6,4.6,4.7,4.7,4.8,4.8,4.9,4.9,5.0,5.0,5.1,5.1,5.2,5.2,5.3,5.3,5.4,5.4,5.5,5.5,5.6,5.6,5.7,5.7,5.8,5.8,5.9,5.9,6.0,6.0,6.2,6.2,6.3,6.3,6.4,6.4,6.5,6.5,6.6,6.6,6.7,6.8,6.9,6.9,7.0,7.0,7.1,7.1,7.2,7.3,7.3,7.4,7.4,7.5,7.5,7.6,7.6,7.7,7.7,7.8,7.8,7.9,7.9,8.0,8.0,8.1,8.1,8.2,8.2,8.3,8.3,8.4,8.4,8.5,8.5,8.6,8.6,8.7,8.7,8.8,8.8,8.9,8.9,9.0,9.0,9.1,9.2,9.3,9.3,9.4,9.6,14.0,15.0],
"type":"scatter",
"fill":"tozerox",
"x":[0.003649635,0.00729927,0.01459854,0.018248174,0.032846715,0.03649635,0.047445256,0.05109489,0.05839416,0.062043797,0.076642334,0.08029197,0.09489051,0.09854015,0.11678832,0.12043796,0.1350365,0.13868614,0.16058394,0.16423358,0.19343066,0.1970803,0.21532847,0.2189781,0.229927,0.23357664,0.24087591,0.24452555,0.25547445,0.2591241,0.2810219,0.28467155,0.30291972,0.30656934,0.31751823,0.3211679,0.32846716,0.33211678,0.34306568,0.34671533,0.3540146,0.35766423,0.36131388,0.3649635,0.36861312,0.37226278,0.3759124,0.37956205,0.39051095,0.3941606,0.40875912,0.41240877,0.4160584,0.4379562,0.44160584,0.459854,0.46350366,0.4890511,0.49270073,0.5218978,0.52554744,0.56569344,0.5693431,0.620438,0.6240876,0.6569343,0.6605839,0.68613136,0.689781,0.73357666,0.73722625,0.77737224,0.7810219,0.82846713,0.8321168,0.86496353,0.8686131,0.8868613,0.890511,0.9087591,0.91240877,0.9160584,0.919708,0.9379562,0.94160587,0.9489051,0.95255476,0.9708029,0.97445256,0.9781022,0.9817518,0.98540145,0.9890511,0.99270076,0.99635035,1.0]}],
        {"showlegend":false,
"xaxis":{"showgrid":true,
"gridcolor":"red",
"showticklabels":true,
"zeroline":true,
"range":[0.0,1.01],
"domain":[0.0,0.48780487804878053]},
"paper_bgcolor":"white",
"xaxis2":{"showgrid":true,
"gridcolor":"red",
"showticklabels":true,
"zeroline":true,
"range":[0.0,1.01],
"domain":[0.5121951219512195,1.0]},
"template":"simple_white",
"legend":{"tracegroupgap":0},
"plot_bgcolor":"white",
"yaxis":{"showgrid":true,
"gridcolor":"red",
"showticklabels":true,
"zeroline":true,
"range":[0.525,23.475]},
"margin":{"l":50,
"b":50,
"r":50,
"t":50}},
        {"editable":false,
"responsive":true,
"staticPlot":false,
"scrollZoom":true},
    )
}

        
    </script>
</div>

</body>
</html>