<html>
<head><meta charset="utf-8" /></head>
<body>
<div>
    <script src="https://cdnjs.cloudflare.com/ajax/libs/mathjax/2.7.5/MathJax.js?config=TeX-AMS-MML_SVG"></script>
    <script type="text/javascript">
window.PlotlyConfig = {MathJaxConfig: 'local'};
</script>
<script src="https://cdn.plot.ly/plotly-2.3.0.min.js"></script>

    <div
        id=id-1
        class="plotly-graph-div"
        style="height:100%; width:100%;">
    </div>
    <script type="text/javascript">
        
        window.PLOTLYENV = window.PLOTLYENV || {}
        
        if (document.getElementById('id-1')) {
    Plotly.newPlot(
        'id-1',
        [{"mode":"lines",
"xaxis":"x",
"x0":0.0,
"y":[-0.4150374992788438,2.3923174227787602,2.4594316186372973,2.584962500721156,2.6322682154995127,2.722466024471091,2.765534746362977,2.807354922057604,2.84799690655495,2.9068905956085187,2.9068905956085187,2.9541963103868754,3.0268000593437154,3.0268000593437154,3.1127001327493624,3.158660175346498,3.2016338611696504,3.2479275134435857,3.321928094887362,3.357552004618084,3.523561956057013,3.584962500721156,4.0,4.38543103719352,4.478971805032942,4.539158811108031],
"type":"scatter",
"fill":"tozerox",
"x":[0.03846154,0.07692308,0.115384616,0.15384616,0.1923077,0.23076923,0.26923078,0.30769232,0.34615386,0.3846154,0.42307693,0.46153846,0.5,0.53846157,0.5769231,0.61538464,0.65384614,0.6923077,0.7307692,0.7692308,0.8076923,0.84615386,0.88461536,0.9230769,0.96153843,1.0]},
{"mode":"lines",
"xaxis":"x2",
"x0":0.0,
"y":[2.1043366598147357,2.169925001442312,2.169925001442312,2.2016338611696504,2.2016338611696504,2.232660756790275,2.232660756790275,2.263034405833794,2.263034405833794,2.292781749227846,2.292781749227846,2.321928094887362,2.321928094887362,2.350497247084133,2.350497247084133,2.37851162325373,2.37851162325373,2.4059923596758366,2.4059923596758366,2.4329594072761065,2.4329594072761065,2.4594316186372973,2.4594316186372973,2.4854268271702415,2.4854268271702415,2.5109619192773796,2.5109619192773796,2.5360529002402097,2.5360529002402097,2.560714954474479,2.560714954474479,2.584962500721156,2.584962500721156,2.6322682154995127,2.6322682154995127,2.655351828612554,2.655351828612554,2.678071905112638,2.678071905112638,2.700439718141092,2.700439718141092,2.722466024471091,2.722466024471091,2.7441610955704103,2.765534746362977,2.786596361890807,2.786596361890807,2.807354922057604,2.807354922057604,2.8278190246173196,2.8278190246173196,2.84799690655495,2.867896463992655,2.867896463992655,2.8875252707415875,2.8875252707415875,2.9068905956085187,2.9068905956085187,2.925999418556223,2.925999418556223,2.944858445807539,2.944858445807539,2.963474123974886,2.963474123974886,2.9818526532897405,2.9818526532897405,3.0,3.0,3.017921907997262,3.017921907997262,3.035623909730721,3.035623909730721,3.0531113364595623,3.0531113364595623,3.070389327891398,3.070389327891398,3.0874628412503395,3.0874628412503395,3.1043366598147357,3.1043366598147357,3.1210154009613658,3.1210154009613658,3.137503523749935,3.137503523749935,3.1538053360790355,3.1538053360790355,3.169925001442312,3.169925001442312,3.1858665453113337,3.2016338611696504,3.2172307162206693,3.2172307162206693,3.232660756790275,3.263034405833794,3.807354922057604,3.9068905956085187],
"type":"scatter",
"fill":"tozerox",
"x":[0.003649635,0.00729927,0.01459854,0.018248174,0.032846715,0.03649635,0.047445256,0.05109489,0.05839416,0.062043797,0.076642334,0.08029197,0.09489051,0.09854015,0.11678832,0.12043796,0.1350365,0.13868614,0.16058394,0.16423358,0.19343066,0.1970803,0.21532847,0.2189781,0.229927,0.23357664,0.24087591,0.24452555,0.25547445,0.2591241,0.2810219,0.28467155,0.30291972,0.30656934,0.31751823,0.3211679,0.32846716,0.33211678,0.34306568,0.34671533,0.3540146,0.35766423,0.36131388,0.3649635,0.36861312,0.37226278,0.3759124,0.37956205,0.39051095,0.3941606,0.40875912,0.41240877,0.4160584,0.4379562,0.44160584,0.459854,0.46350366,0.4890511,0.49270073,0.5218978,0.52554744,0.56569344,0.5693431,0.620438,0.6240876,0.6569343,0.6605839,0.68613136,0.689781,0.73357666,0.73722625,0.77737224,0.7810219,0.82846713,0.8321168,0.86496353,0.8686131,0.8868613,0.890511,0.9087591,0.91240877,0.9160584,0.919708,0.9379562,0.94160587,0.9489051,0.95255476,0.9708029,0.97445256,0.9781022,0.9817518,0.98540145,0.9890511,0.99270076,0.99635035,1.0]}],
        {"showlegend":false,
"xaxis":{"showgrid":true,
"gridcolor":"lightgrey",
"showticklabels":true,
"zeroline":true,
"range":[0.0,1.01],
"domain":[0.0,0.48780487804878053]},
"paper_bgcolor":"white",
"xaxis2":{"showgrid":true,
"gridcolor":"lightgrey",
"showticklabels":true,
"zeroline":true,
"range":[0.0,1.01],
"domain":[0.5121951219512195,1.0]},
"template":"simple_white",
"legend":{"tracegroupgap":0},
"plot_bgcolor":"white",
"yaxis":{"showgrid":true,
"gridcolor":"lightgrey",
"showticklabels":true,
"zeroline":false,
"range":[-0.46457946,4.588701],
"tickprefix":"<sub>2</sub>"},
"margin":{"l":50,
"b":50,
"r":50,
"t":50}},
        {"editable":false,
"responsive":true,
"staticPlot":false,
"scrollZoom":true},
    )
}

        
    </script>
</div>

</body>
</html>