<html>
<head><meta charset="utf-8" /></head>
<body>
<div>
    <script src="https://cdnjs.cloudflare.com/ajax/libs/mathjax/2.7.5/MathJax.js?config=TeX-AMS-MML_SVG"></script>
    <script type="text/javascript">
window.PlotlyConfig = {MathJaxConfig: 'local'};
</script>
<script src="https://cdn.plot.ly/plotly-2.3.0.min.js"></script>

    <div
        id=id-1
        class="plotly-graph-div"
        style="height:100%; width:100%;">
    </div>
    <script type="text/javascript">
        
        window.PLOTLYENV = window.PLOTLYENV || {}
        
        if (document.getElementById('id-1')) {
    Plotly.newPlot(
        'id-1',
        [{"mode":"lines",
"x0":0.0,
"y":[0.75,5.25,5.5,6.0,6.2,6.6,6.8,7.0,7.2,7.5,7.5,7.75,8.15,8.15,8.65,8.93,9.2,9.5,10.0,10.25,11.5,12.0,16.0,20.9,22.3,23.25],
"type":"scatter",
"fill":"tozerox",
"x":[100.0,96.15385,92.30769,88.46154,84.61539,80.76923,76.92308,73.07692,69.23077,65.38461,61.53846,57.692307,53.846153,50.0,46.153847,42.307693,38.46154,34.615383,30.76923,26.923077,23.076923,19.23077,15.384615,11.538462,7.6923075,3.8461537]},
{"mode":"lines",
"xaxis":"x2",
"x0":0.0,
"y":[4.3,4.5,4.5,4.6,4.6,4.7,4.7,4.8,4.8,4.9,4.9,5.0,5.0,5.1,5.1,5.2,5.2,5.3,5.3,5.4,5.4,5.5,5.5,5.6,5.6,5.7,5.7,5.8,5.8,5.9,5.9,6.0,6.0,6.2,6.2,6.3,6.3,6.4,6.4,6.5,6.5,6.6,6.6,6.7,6.8,6.9,6.9,7.0,7.0,7.1,7.1,7.2,7.3,7.3,7.4,7.4,7.5,7.5,7.6,7.6,7.7,7.7,7.8,7.8,7.9,7.9,8.0,8.0,8.1,8.1,8.2,8.2,8.3,8.3,8.4,8.4,8.5,8.5,8.6,8.6,8.7,8.7,8.8,8.8,8.9,8.9,9.0,9.0,9.1,9.2,9.3,9.3,9.4,9.6,14.0,15.0],
"type":"scatter",
"fill":"tozerox",
"x":[100.0,99.63504,98.90511,98.540146,97.08029,96.71533,95.62044,95.25548,94.52555,94.16058,92.70073,92.33577,90.875916,90.51095,88.686134,88.32117,86.86131,86.49635,84.30657,83.941605,81.0219,80.65694,78.832115,78.467155,77.37226,77.0073,76.277374,75.91241,74.81752,74.45255,72.26277,71.89781,70.07299,69.70803,68.61314,68.24818,67.51825,67.15328,66.058395,65.69343,64.9635,64.59854,64.233574,63.868614,63.50365,63.138687,62.773724,62.40876,61.31387,60.948906,59.48905,59.12409,58.759125,56.569344,56.20438,54.379562,54.0146,51.459854,51.09489,48.175182,47.81022,43.79562,43.430656,38.321167,37.956203,34.67153,34.30657,31.751825,31.386862,27.0073,26.642336,22.627737,22.262774,17.518248,17.153284,13.868613,13.50365,11.678832,11.3138685,9.489051,9.124087,8.759124,8.39416,6.569343,6.2043796,5.4744525,5.109489,3.2846715,2.919708,2.5547445,2.189781,1.8248175,1.459854,1.0948905,0.729927,0.3649635]}],
        {"showlegend":false,
"xaxis":{"showgrid":true,
"gridcolor":"lightgrey",
"showticklabels":true,
"zeroline":true,
"range":[0.0,101.0],
"domain":[0.0,0.475],
"ticksuffix":"<sub>%</sub>"},
"paper_bgcolor":"white",
"xaxis2":{"showgrid":true,
"gridcolor":"lightgrey",
"showticklabels":true,
"zeroline":true,
"range":[0.0,101.0],
"domain":[0.525,1.0],
"ticksuffix":"<sub>%</sub>"},
"template":"simple_white",
"legend":{"tracegroupgap":0},
"plot_bgcolor":"white",
"yaxis":{"showgrid":true,
"gridcolor":"lightgrey",
"showticklabels":true,
"zeroline":true,
"range":[0.525,23.475]},
"margin":{"l":50,
"b":50,
"r":50,
"t":50}},
        {"editable":false,
"responsive":true,
"staticPlot":false,
"scrollZoom":true},
    )
}

        
    </script>
</div>

</body>
</html>