<html>
<head><meta charset="utf-8" /></head>
<body>
<div>
    <script src="https://cdnjs.cloudflare.com/ajax/libs/mathjax/2.7.5/MathJax.js?config=TeX-AMS-MML_SVG"></script>
    <script type="text/javascript">
window.PlotlyConfig = {MathJaxConfig: 'local'};
</script>
<script src="https://cdn.plot.ly/plotly-2.3.0.min.js"></script>

    <div
        id=id-1
        class="plotly-graph-div"
        style="height:100%; width:100%;">
    </div>
    <script type="text/javascript">
        
        window.PLOTLYENV = window.PLOTLYENV || {}
        
        if (document.getElementById('id-1')) {
    Plotly.newPlot(
        'id-1',
        [{"mode":"lines",
"y":[12.070120944476823,12.1357092861044,12.1357092861044,12.167418145831737,12.167418145831737,12.198445041452363,12.198445041452363,12.228818690495881,12.228818690495881,12.258566033889933,12.258566033889933,12.287712379549449,12.287712379549449,12.31628153174622,12.31628153174622,12.344295907915816,12.344295907915816,12.371776644337924,12.371776644337924,12.398743691938193,12.398743691938193,12.425215903299383,12.425215903299383,12.451211111832329,12.451211111832329,12.476746203939467,12.476746203939467,12.501837184902296,12.501837184902296,12.526499239136566,12.526499239136566,12.550746785383243,12.550746785383243,12.5980525001616,12.5980525001616,12.621136113274641,12.621136113274641,12.643856189774725,12.643856189774725,12.66622400280318,12.66622400280318,12.688250309133178,12.688250309133178,12.709945380232497,12.731319031025064,12.752380646552893,12.752380646552893,12.77313920671969,12.77313920671969,12.793603309279407,12.793603309279407,12.813781191217037,12.833680748654741,12.833680748654741,12.853309555403674,12.853309555403674,12.872674880270605,12.872674880270605,12.89178370321831,12.89178370321831,12.910642730469625,12.910642730469625,12.929258408636972,12.929258408636972,12.947636937951827,12.947636937951827,12.965784284662087,12.965784284662087,12.98370619265935,12.98370619265935,13.001408194392809,13.001408194392809,13.018895621121649,13.018895621121649,13.036173612553485,13.036173612553485,13.053247125912426,13.053247125912426,13.070120944476823,13.070120944476823,13.086799685623452,13.086799685623452,13.103287808412022,13.103287808412022,13.119589620741122,13.119589620741122,13.1357092861044,13.1357092861044,13.151650829973422,13.167418145831737,13.183015000882756,13.183015000882756,13.198445041452363,13.228818690495881,13.77313920671969,13.872674880270605],
"type":"scatter",
"name":"Trace",
"fill":"tozerox",
"x":[1.0,2.0,4.0,5.0,9.0,10.0,13.0,14.0,16.0,17.0,21.0,22.0,26.0,27.0,32.0,33.0,37.0,38.0,44.0,45.0,53.0,54.0,59.0,60.0,63.0,64.0,66.0,67.0,70.0,71.0,77.0,78.0,83.0,84.0,87.0,88.0,90.0,91.0,94.0,95.0,97.0,98.0,99.0,100.0,101.0,102.0,103.0,104.0,107.0,108.0,112.0,113.0,114.0,120.0,121.0,126.0,127.0,134.0,135.0,143.0,144.0,155.0,156.0,170.0,171.0,180.0,181.0,188.0,189.0,201.0,202.0,213.0,214.0,227.0,228.0,237.0,238.0,243.0,244.0,249.0,250.0,251.0,252.0,257.0,258.0,260.0,261.0,266.0,267.0,268.0,269.0,270.0,271.0,272.0,273.0,274.0]}],
        {"showlegend":false,
"xaxis":{"showgrid":true,
"gridcolor":"lightgrey",
"showticklabels":true,
"zeroline":true,
"range":[0.0,275.0],
"title":"Counts"},
"paper_bgcolor":"white",
"template":"simple_white",
"legend":{"tracegroupgap":0},
"plot_bgcolor":"white",
"yaxis":{"showgrid":true,
"gridcolor":"lightgrey",
"showticklabels":true,
"zeroline":false,
"range":[12.052095,13.8907],
"tickprefix":"<sub>2</sub>",
"ticksuffix":"<sub>%</sub>"},
"margin":{"l":50,
"b":50,
"r":50,
"t":50}},
        {"editable":false,
"responsive":true,
"staticPlot":false,
"scrollZoom":true},
    )
}

        
    </script>
</div>

</body>
</html>