<html>
<head><meta charset="utf-8" /></head>
<body>
<div>
    <script src="https://cdnjs.cloudflare.com/ajax/libs/mathjax/2.7.5/MathJax.js?config=TeX-AMS-MML_SVG"></script>
    <script type="text/javascript">
window.PlotlyConfig = {MathJaxConfig: 'local'};
</script>
<script src="https://cdn.plot.ly/plotly-2.33.0.min.js"></script>

    <div
        id=id-1
        class="plotly-graph-div"
        style="height:100%; width:100%;">
    </div>
    <script type="text/javascript">
        
        window.PLOTLYENV = window.PLOTLYENV || {}
        
        if (document.getElementById('id-1')) {
    Plotly.newPlot(
        'id-1',
        [{"mode":"lines",
"y":[100.0,99.63504,98.90511,98.540146,97.08029,96.71533,95.62044,95.25548,94.52555,94.16058,92.70073,92.33577,90.875916,90.51095,88.686134,88.32117,86.86131,86.49635,84.30657,83.941605,81.0219,80.65694,78.832115,78.467155,77.37226,77.0073,76.277374,75.91241,74.81752,74.45255,72.26277,71.89781,70.07299,69.70803,68.61314,68.24818,67.51825,67.15328,66.058395,65.69343,64.9635,64.59854,64.233574,63.868614,63.50365,63.138687,62.773724,62.40876,61.31387,60.948906,59.48905,59.12409,58.759125,56.569344,56.20438,54.379562,54.0146,51.459854,51.09489,48.175182,47.81022,43.79562,43.430656,38.321167,37.956203,34.67153,34.30657,31.751825,31.386862,27.0073,26.642336,22.627737,22.262774,17.518248,17.153284,13.868613,13.50365,11.678832,11.3138685,9.489051,9.124087,8.759124,8.39416,6.569343,6.2043796,5.4744525,5.109489,3.2846715,2.919708,2.5547445,2.189781,1.8248175,1.459854,1.0948905,0.729927,0.3649635],
"type":"scatter",
"name":"Trace",
"fill":"tozeroy",
"x":[43.0,45.0,45.0,46.0,46.0,47.0,47.0,48.0,48.0,49.0,49.0,50.0,50.0,51.0,51.0,52.0,52.0,53.0,53.0,54.0,54.0,55.0,55.0,56.0,56.0,57.0,57.0,58.0,58.0,59.0,59.0,60.0,60.0,62.0,62.0,63.0,63.0,64.0,64.0,65.0,65.0,66.0,66.0,67.0,68.0,69.0,69.0,70.0,70.0,71.0,71.0,72.0,73.0,73.0,74.0,74.0,75.0,75.0,76.0,76.0,77.0,77.0,78.0,78.0,79.0,79.0,80.0,80.0,81.0,81.0,82.0,82.0,83.0,83.0,84.0,84.0,85.0,85.0,86.0,86.0,87.0,87.0,88.0,88.0,89.0,89.0,90.0,90.0,91.0,92.0,93.0,93.0,94.0,96.0,140.0,150.0]}],
        {"showlegend":false,
"xaxis":{"showgrid":true,
"gridcolor":"lightgrey",
"showticklabels":true,
"zeroline":true,
"range":[41.93,151.07]},
"paper_bgcolor":"white",
"template":"simple_white",
"legend":{"tracegroupgap":0},
"plot_bgcolor":"white",
"yaxis":{"showgrid":true,
"gridcolor":"lightgrey",
"showticklabels":true,
"zeroline":true,
"range":[0.0,101.0],
"ticksuffix":"<sub>%</sub>"},
"margin":{"l":50,
"b":50,
"r":50,
"t":50}},
        {"editable":false,
"responsive":true,
"staticPlot":false,
"scrollZoom":true},
    )
}

        
    </script>
</div>

</body>
</html>