<html>
<head><meta charset="utf-8" /></head>
<body>
<div>
    <script src="https://cdnjs.cloudflare.com/ajax/libs/mathjax/2.7.5/MathJax.js?config=TeX-AMS-MML_SVG"></script>
    <script type="text/javascript">
window.PlotlyConfig = {MathJaxConfig: 'local'};
</script>
<script src="https://cdn.plot.ly/plotly-2.3.0.min.js"></script>

    <div
        id=id-1
        class="plotly-graph-div"
        style="height:100%; width:100%;">
    </div>
    <script type="text/javascript">
        
        window.PLOTLYENV = window.PLOTLYENV || {}
        
        if (document.getElementById('id-1')) {
    Plotly.newPlot(
        'id-1',
        [{"mode":"lines",
"y":[3.6334684555795866,3.6532125137753435,3.6532125137753435,3.662757831681574,3.662757831681574,3.6720978579357175,3.6720978579357175,3.681241237375587,3.681241237375587,3.690196080028514,3.690196080028514,3.6989700043360187,3.6989700043360187,3.7075701760979363,3.7075701760979363,3.716003343634799,3.716003343634799,3.724275869600789,3.724275869600789,3.7323937598229686,3.7323937598229686,3.7403626894942437,3.7403626894942437,3.7481880270062002,3.7481880270062002,3.7558748556724915,3.7558748556724915,3.7634279935629373,3.7634279935629373,3.7708520116421442,3.7708520116421442,3.7781512503836434,3.7781512503836434,3.792391689498254,3.792391689498254,3.7993405494535817,3.7993405494535817,3.806179973983887,3.806179973983887,3.8129133566428557,3.8129133566428557,3.8195439355418688,3.8195439355418688,3.8260748027008264,3.832508912706236,3.838849090737255,3.838849090737255,3.845098040014257,3.845098040014257,3.8512583487190755,3.8512583487190755,3.8573324964312685,3.863322860120456,3.863322860120456,3.8692317197309762,3.8692317197309762,3.8750612633917,3.8750612633917,3.8808135922807914,3.8808135922807914,3.886490725172482,3.886490725172482,3.8920946026904804,3.8920946026904804,3.8976270912904414,3.8976270912904414,3.9030899869919438,3.9030899869919438,3.90848501887865,3.90848501887865,3.9138138523837167,3.9138138523837167,3.9190780923760737,3.9190780923760737,3.9242792860618816,3.9242792860618816,3.929418925714293,3.929418925714293,3.934498451243568,3.934498451243568,3.9395192526186187,3.9395192526186187,3.9444826721501687,3.9444826721501687,3.949390006644913,3.949390006644913,3.9542425094393248,3.9542425094393248,3.9590413923210934,3.963787827345555,3.9684829485539352,3.9684829485539352,3.9731278535996988,3.9822712330395684,4.146128035678238,4.176091259055681],
"type":"scatter",
"name":"Trace",
"fill":"tozerox",
"x":[1.0,2.0,4.0,5.0,9.0,10.0,13.0,14.0,16.0,17.0,21.0,22.0,26.0,27.0,32.0,33.0,37.0,38.0,44.0,45.0,53.0,54.0,59.0,60.0,63.0,64.0,66.0,67.0,70.0,71.0,77.0,78.0,83.0,84.0,87.0,88.0,90.0,91.0,94.0,95.0,97.0,98.0,99.0,100.0,101.0,102.0,103.0,104.0,107.0,108.0,112.0,113.0,114.0,120.0,121.0,126.0,127.0,134.0,135.0,143.0,144.0,155.0,156.0,170.0,171.0,180.0,181.0,188.0,189.0,201.0,202.0,213.0,214.0,227.0,228.0,237.0,238.0,243.0,244.0,249.0,250.0,251.0,252.0,257.0,258.0,260.0,261.0,266.0,267.0,268.0,269.0,270.0,271.0,272.0,273.0,274.0]}],
        {"showlegend":false,
"xaxis":{"showgrid":true,
"gridcolor":"lightgrey",
"showticklabels":true,
"zeroline":true,
"range":[0.0,275.0],
"title":"Counts"},
"paper_bgcolor":"white",
"template":"simple_white",
"legend":{"tracegroupgap":0},
"plot_bgcolor":"white",
"yaxis":{"showgrid":true,
"gridcolor":"lightgrey",
"showticklabels":true,
"zeroline":false,
"range":[3.6280422,4.1815176],
"tickprefix":"<sub>10</sub>",
"ticksuffix":"<sub>%</sub>"},
"margin":{"l":50,
"b":50,
"r":50,
"t":50}},
        {"editable":false,
"responsive":true,
"staticPlot":false,
"scrollZoom":true},
    )
}

        
    </script>
</div>

</body>
</html>