<html>
<head><meta charset="utf-8" /></head>
<body>
<div>
    <script src="https://cdnjs.cloudflare.com/ajax/libs/mathjax/2.7.5/MathJax.js?config=TeX-AMS-MML_SVG"></script>
    <script type="text/javascript">
window.PlotlyConfig = {MathJaxConfig: 'local'};
</script>
<script src="https://cdn.plot.ly/plotly-2.3.0.min.js"></script>

    <div
        id=id-1
        class="plotly-graph-div"
        style="height:100%; width:100%;">
    </div>
    <script type="text/javascript">
        
        window.PLOTLYENV = window.PLOTLYENV || {}
        
        if (document.getElementById('id-1')) {
    Plotly.newPlot(
        'id-1',
        [{"mode":"lines",
"x0":0.0,
"y":[0.75,5.25,5.5,6.0,6.2,6.6,6.8,7.0,7.2,7.5,7.5,7.75,8.15,8.15,8.65,8.93,9.2,9.5,10.0,10.25,11.5,12.0,16.0,20.9,22.3,23.25],
"type":"scatter",
"fill":"tozerox",
"x":[26.0,25.0,24.0,23.0,22.0,21.0,20.0,19.0,18.0,17.0,16.0,15.0,14.0,13.0,12.0,11.0,10.0,9.0,8.0,7.0,6.0,5.0,4.0,3.0,2.0,1.0]},
{"mode":"lines",
"xaxis":"x2",
"x0":0.0,
"y":[4.3,4.5,4.5,4.6,4.6,4.7,4.7,4.8,4.8,4.9,4.9,5.0,5.0,5.1,5.1,5.2,5.2,5.3,5.3,5.4,5.4,5.5,5.5,5.6,5.6,5.7,5.7,5.8,5.8,5.9,5.9,6.0,6.0,6.2,6.2,6.3,6.3,6.4,6.4,6.5,6.5,6.6,6.6,6.7,6.8,6.9,6.9,7.0,7.0,7.1,7.1,7.2,7.3,7.3,7.4,7.4,7.5,7.5,7.6,7.6,7.7,7.7,7.8,7.8,7.9,7.9,8.0,8.0,8.1,8.1,8.2,8.2,8.3,8.3,8.4,8.4,8.5,8.5,8.6,8.6,8.7,8.7,8.8,8.8,8.9,8.9,9.0,9.0,9.1,9.2,9.3,9.3,9.4,9.6,14.0,15.0],
"type":"scatter",
"fill":"tozerox",
"x":[274.0,273.0,271.0,270.0,266.0,265.0,262.0,261.0,259.0,258.0,254.0,253.0,249.0,248.0,243.0,242.0,238.0,237.0,231.0,230.0,222.0,221.0,216.0,215.0,212.0,211.0,209.0,208.0,205.0,204.0,198.0,197.0,192.0,191.0,188.0,187.0,185.0,184.0,181.0,180.0,178.0,177.0,176.0,175.0,174.0,173.0,172.0,171.0,168.0,167.0,163.0,162.0,161.0,155.0,154.0,149.0,148.0,141.0,140.0,132.0,131.0,120.0,119.0,105.0,104.0,95.0,94.0,87.0,86.0,74.0,73.0,62.0,61.0,48.0,47.0,38.0,37.0,32.0,31.0,26.0,25.0,24.0,23.0,18.0,17.0,15.0,14.0,9.0,8.0,7.0,6.0,5.0,4.0,3.0,2.0,1.0]}],
        {"showlegend":false,
"xaxis":{"showgrid":true,
"gridcolor":"lightgrey",
"showticklabels":true,
"zeroline":true,
"range":[0.0,27.0],
"domain":[0.0,0.475]},
"paper_bgcolor":"white",
"xaxis2":{"showgrid":true,
"gridcolor":"lightgrey",
"showticklabels":true,
"zeroline":true,
"range":[0.0,275.0],
"domain":[0.525,1.0]},
"template":"simple_white",
"legend":{"tracegroupgap":0},
"plot_bgcolor":"white",
"yaxis":{"showgrid":true,
"gridcolor":"lightgrey",
"showticklabels":true,
"zeroline":true,
"range":[0.525,23.475]},
"margin":{"l":50,
"b":50,
"r":50,
"t":50}},
        {"editable":false,
"responsive":true,
"staticPlot":false,
"scrollZoom":true},
    )
}

        
    </script>
</div>

</body>
</html>