<html>
<head><meta charset="utf-8" /></head>
<body>
<div>
    <script src="https://cdnjs.cloudflare.com/ajax/libs/mathjax/2.7.5/MathJax.js?config=TeX-AMS-MML_SVG"></script>
    <script type="text/javascript">
window.PlotlyConfig = {MathJaxConfig: 'local'};
</script>
<script src="https://cdn.plot.ly/plotly-2.33.0.min.js"></script>

    <div
        id=id-1
        class="plotly-graph-div"
        style="height:100%; width:100%;">
    </div>
    <script type="text/javascript">
        
        window.PLOTLYENV = window.PLOTLYENV || {}
        
        if (document.getElementById('id-1')) {
    Plotly.newPlot(
        'id-1',
        [{"mode":"lines",
"y":[0.003649635,0.00729927,0.01459854,0.018248174,0.032846715,0.03649635,0.047445256,0.05109489,0.05839416,0.062043797,0.076642334,0.08029197,0.09489051,0.09854015,0.11678832,0.12043796,0.1350365,0.13868614,0.16058394,0.16423358,0.19343066,0.1970803,0.21532847,0.2189781,0.229927,0.23357664,0.24087591,0.24452555,0.25547445,0.2591241,0.2810219,0.28467155,0.30291972,0.30656934,0.31751823,0.3211679,0.32846716,0.33211678,0.34306568,0.34671533,0.3540146,0.35766423,0.36131388,0.3649635,0.36861312,0.37226278,0.3759124,0.37956205,0.39051095,0.3941606,0.40875912,0.41240877,0.4160584,0.4379562,0.44160584,0.459854,0.46350366,0.4890511,0.49270073,0.5218978,0.52554744,0.56569344,0.5693431,0.620438,0.6240876,0.6569343,0.6605839,0.68613136,0.689781,0.73357666,0.73722625,0.77737224,0.7810219,0.82846713,0.8321168,0.86496353,0.8686131,0.8868613,0.890511,0.9087591,0.91240877,0.9160584,0.919708,0.9379562,0.94160587,0.9489051,0.95255476,0.9708029,0.97445256,0.9781022,0.9817518,0.98540145,0.9890511,0.99270076,0.99635035,1.0],
"type":"scatter",
"name":"Trace",
"fill":"tozeroy",
"x":[12.070120944476823,12.1357092861044,12.1357092861044,12.167418145831737,12.167418145831737,12.198445041452363,12.198445041452363,12.228818690495881,12.228818690495881,12.258566033889933,12.258566033889933,12.287712379549449,12.287712379549449,12.31628153174622,12.31628153174622,12.344295907915816,12.344295907915816,12.371776644337924,12.371776644337924,12.398743691938193,12.398743691938193,12.425215903299383,12.425215903299383,12.451211111832329,12.451211111832329,12.476746203939467,12.476746203939467,12.501837184902296,12.501837184902296,12.526499239136566,12.526499239136566,12.550746785383243,12.550746785383243,12.5980525001616,12.5980525001616,12.621136113274641,12.621136113274641,12.643856189774725,12.643856189774725,12.66622400280318,12.66622400280318,12.688250309133178,12.688250309133178,12.709945380232497,12.731319031025064,12.752380646552893,12.752380646552893,12.77313920671969,12.77313920671969,12.793603309279407,12.793603309279407,12.813781191217037,12.833680748654741,12.833680748654741,12.853309555403674,12.853309555403674,12.872674880270605,12.872674880270605,12.89178370321831,12.89178370321831,12.910642730469625,12.910642730469625,12.929258408636972,12.929258408636972,12.947636937951827,12.947636937951827,12.965784284662087,12.965784284662087,12.98370619265935,12.98370619265935,13.001408194392809,13.001408194392809,13.018895621121649,13.018895621121649,13.036173612553485,13.036173612553485,13.053247125912426,13.053247125912426,13.070120944476823,13.070120944476823,13.086799685623452,13.086799685623452,13.103287808412022,13.103287808412022,13.119589620741122,13.119589620741122,13.1357092861044,13.1357092861044,13.151650829973422,13.167418145831737,13.183015000882756,13.183015000882756,13.198445041452363,13.228818690495881,13.77313920671969,13.872674880270605]}],
        {"showlegend":false,
"xaxis":{"showgrid":true,
"gridcolor":"lightgrey",
"showticklabels":true,
"zeroline":false,
"range":[12.052095,13.8907],
"tickprefix":"<sub>2</sub>",
"ticksuffix":"<sub>%</sub>"},
"paper_bgcolor":"white",
"template":"simple_white",
"legend":{"tracegroupgap":0},
"plot_bgcolor":"white",
"yaxis":{"showgrid":true,
"gridcolor":"lightgrey",
"showticklabels":true,
"zeroline":true,
"range":[0.0,1.01]},
"margin":{"l":50,
"b":50,
"r":50,
"t":50}},
        {"editable":false,
"responsive":true,
"staticPlot":false,
"scrollZoom":true},
    )
}

        
    </script>
</div>

</body>
</html>