<html>
<head><meta charset="utf-8" /></head>
<body>
<div>
    <script src="https://cdnjs.cloudflare.com/ajax/libs/mathjax/2.7.5/MathJax.js?config=TeX-AMS-MML_SVG"></script>
    <script type="text/javascript">
window.PlotlyConfig = {MathJaxConfig: 'local'};
</script>
<script src="https://cdn.plot.ly/plotly-2.33.0.min.js"></script>

    <div
        id=id-1
        class="plotly-graph-div"
        style="height:100%; width:100%;">
    </div>
    <script type="text/javascript">
        
        window.PLOTLYENV = window.PLOTLYENV || {}
        
        if (document.getElementById('id-1')) {
    Plotly.newPlot(
        'id-1',
        [{"mode":"lines",
"x0":0.0,
"y":[-0.4150374992788438,2.3923174227787602,2.4594316186372973,2.584962500721156,2.6322682154995127,2.722466024471091,2.765534746362977,2.807354922057604,2.84799690655495,2.9068905956085187,2.9068905956085187,2.9541963103868754,3.0268000593437154,3.0268000593437154,3.1127001327493624,3.158660175346498,3.2016338611696504,3.2479275134435857,3.321928094887362,3.357552004618084,3.523561956057013,3.584962500721156,4.0,4.38543103719352,4.478971805032942,4.539158811108031],
"type":"scatter",
"fill":"tozerox",
"x":[3.8461537,7.6923075,11.538462,15.384615,19.23077,23.076923,26.923077,30.76923,34.615383,38.46154,42.307693,46.153847,50.0,53.846153,57.692307,61.53846,65.38461,69.23077,73.07692,76.92308,80.76923,84.61539,88.46154,92.30769,96.15385,100.0]},
{"mode":"lines",
"xaxis":"x2",
"x0":0.0,
"y":[2.1043366598147357,2.169925001442312,2.169925001442312,2.2016338611696504,2.2016338611696504,2.232660756790275,2.232660756790275,2.263034405833794,2.263034405833794,2.292781749227846,2.292781749227846,2.321928094887362,2.321928094887362,2.350497247084133,2.350497247084133,2.37851162325373,2.37851162325373,2.4059923596758366,2.4059923596758366,2.4329594072761065,2.4329594072761065,2.4594316186372973,2.4594316186372973,2.4854268271702415,2.4854268271702415,2.5109619192773796,2.5109619192773796,2.5360529002402097,2.5360529002402097,2.560714954474479,2.560714954474479,2.584962500721156,2.584962500721156,2.6322682154995127,2.6322682154995127,2.655351828612554,2.655351828612554,2.678071905112638,2.678071905112638,2.700439718141092,2.700439718141092,2.722466024471091,2.722466024471091,2.7441610955704103,2.765534746362977,2.786596361890807,2.786596361890807,2.807354922057604,2.807354922057604,2.8278190246173196,2.8278190246173196,2.84799690655495,2.867896463992655,2.867896463992655,2.8875252707415875,2.8875252707415875,2.9068905956085187,2.9068905956085187,2.925999418556223,2.925999418556223,2.944858445807539,2.944858445807539,2.963474123974886,2.963474123974886,2.9818526532897405,2.9818526532897405,3.0,3.0,3.017921907997262,3.017921907997262,3.035623909730721,3.035623909730721,3.0531113364595623,3.0531113364595623,3.070389327891398,3.070389327891398,3.0874628412503395,3.0874628412503395,3.1043366598147357,3.1043366598147357,3.1210154009613658,3.1210154009613658,3.137503523749935,3.137503523749935,3.1538053360790355,3.1538053360790355,3.169925001442312,3.169925001442312,3.1858665453113337,3.2016338611696504,3.2172307162206693,3.2172307162206693,3.232660756790275,3.263034405833794,3.807354922057604,3.9068905956085187],
"type":"scatter",
"fill":"tozerox",
"x":[0.3649635,0.729927,1.459854,1.8248175,3.2846715,3.649635,4.7445254,5.109489,5.839416,6.2043796,7.6642337,8.029197,9.489051,9.854014,11.678832,12.043796,13.50365,13.868613,16.058393,16.423357,19.343065,19.708029,21.532846,21.89781,22.9927,23.357664,24.087591,24.452555,25.547445,25.912409,28.10219,28.467154,30.291971,30.656935,31.751825,32.116787,32.846714,33.211678,34.30657,34.67153,35.40146,35.766422,36.131386,36.49635,36.861313,37.226276,37.59124,37.956203,39.051094,39.416058,40.87591,41.240875,41.60584,43.79562,44.160583,45.9854,46.350365,48.90511,49.270073,52.18978,52.554745,56.569344,56.934307,62.043797,62.40876,65.69343,66.058395,68.61314,68.9781,73.357666,73.722626,77.73723,78.10219,82.84672,83.21168,86.49635,86.86131,88.686134,89.051094,90.875916,91.240875,91.60584,91.9708,93.79562,94.16058,94.89051,95.25548,97.08029,97.44526,97.81022,98.175186,98.540146,98.90511,99.27007,99.63504,100.0]}],
        {"showlegend":false,
"xaxis":{"showgrid":true,
"gridcolor":"lightgrey",
"showticklabels":true,
"zeroline":true,
"range":[0.0,101.0],
"domain":[0.0,0.475],
"ticksuffix":"<sub>%</sub>"},
"paper_bgcolor":"white",
"xaxis2":{"showgrid":true,
"gridcolor":"lightgrey",
"showticklabels":true,
"zeroline":true,
"range":[0.0,101.0],
"domain":[0.525,1.0],
"ticksuffix":"<sub>%</sub>"},
"template":"simple_white",
"legend":{"tracegroupgap":0},
"plot_bgcolor":"white",
"yaxis":{"showgrid":true,
"gridcolor":"lightgrey",
"showticklabels":true,
"zeroline":false,
"range":[-0.46457946,4.588701],
"tickprefix":"<sub>2</sub>"},
"margin":{"l":50,
"b":50,
"r":50,
"t":50}},
        {"editable":false,
"responsive":true,
"staticPlot":false,
"scrollZoom":true},
    )
}

        
    </script>
</div>

</body>
</html>