<html>
<head><meta charset="utf-8" /></head>
<body>
<div>
    <script src="https://cdnjs.cloudflare.com/ajax/libs/mathjax/2.7.5/MathJax.js?config=TeX-AMS-MML_SVG"></script>
    <script type="text/javascript">
window.PlotlyConfig = {MathJaxConfig: 'local'};
</script>
<script src="https://cdn.plot.ly/plotly-2.3.0.min.js"></script>

    <div
        id=id-1
        class="plotly-graph-div"
        style="height:100%; width:100%;">
    </div>
    <script type="text/javascript">
        
        window.PLOTLYENV = window.PLOTLYENV || {}
        
        if (document.getElementById('id-1')) {
    Plotly.newPlot(
        'id-1',
        [{"xaxis":"x",
"scalegroup":"Distributions",
"boxpoints":false,
"x0":0,
"y":[-0.12493873660829995,0.7201593034059569,0.7403626894942439,0.7781512503836436,0.7923916894982539,0.8195439355418687,0.8325089127062363,0.8450980400142568,0.8573324964312685,0.8750612633917001,0.8750612633917001,0.8893017025063102,0.9111576087399766,0.9111576087399766,0.9370161074648142,0.9508514588885464,0.9637878273455552,0.9777236052888477,1.0,1.0107238653917732,1.0606978403536116,1.0791812460476249,1.2041199826559248,1.320146286111054,1.3483048630481607,1.3664229572259727],
"type":"histogram",
"points":false,
"box":{"visible":false},
"spanmode":"hard"},
{"xaxis":"x2",
"scalegroup":"Distributions",
"boxpoints":false,
"x0":0,
"y":[0.8976270912904415,0.7323937598229685,0.8692317197309762,0.7923916894982539,0.9294189257142927,0.7403626894942439,0.9444826721501687,0.9294189257142927,0.7075701760979364,0.9294189257142927,0.7323937598229685,0.9242792860618817,0.8920946026904804,0.6720978579357175,0.919078092376074,0.7160033436347992,0.7923916894982539,0.9242792860618817,0.7160033436347992,0.8976270912904415,0.7075701760979364,0.6720978579357175,0.8920946026904804,0.8388490907372553,0.8692317197309762,0.919078092376074,0.7403626894942439,0.8808135922807914,0.8920946026904804,0.8976270912904415,0.8633228601204559,0.8864907251724818,0.8195439355418687,0.9030899869919435,0.8692317197309762,0.7160033436347992,0.6812412373755872,0.9030899869919435,0.7708520116421442,0.9542425094393249,0.9030899869919435,0.7634279935629372,0.9242792860618817,0.7634279935629372,0.8633228601204559,0.919078092376074,0.8061799739838872,0.724275869600789,0.9138138523837167,0.7708520116421442,0.8750612633917001,0.9542425094393249,0.7323937598229685,0.9030899869919435,0.7323937598229685,0.919078092376074,0.8512583487190752,0.8061799739838872,0.8864907251724818,0.9084850188786497,0.7708520116421442,0.9242792860618817,0.6812412373755872,0.9138138523837167,0.7781512503836436,0.9637878273455552,0.8920946026904804,0.8920946026904804,0.8129133566428556,0.8633228601204559,0.9138138523837167,0.7481880270062004,0.8976270912904415,0.8512583487190752,0.7923916894982539,0.8808135922807914,0.7781512503836436,0.8920946026904804,0.8808135922807914,0.919078092376074,0.8750612633917001,0.9138138523837167,0.8450980400142568,0.8129133566428556,0.8633228601204559,0.9444826721501687,0.8808135922807914,0.9030899869919435,0.6812412373755872,0.9344984512435677,0.7781512503836436,0.9542425094393249,0.6989700043360189,0.8920946026904804,0.7993405494535817,0.8573324964312685,0.9242792860618817,0.8750612633917001,0.7075701760979364,0.9138138523837167,0.7923916894982539,0.9444826721501687,0.6901960800285137,0.919078092376074,0.9084850188786497,0.6720978579357175,0.9242792860618817,0.7160033436347992,0.9344984512435677,0.9084850188786497,0.8750612633917001,0.7708520116421442,0.9493900066449128,0.8976270912904415,0.7708520116421442,0.9084850188786497,0.6989700043360189,0.9294189257142927,0.7708520116421442,0.9395192526186185,0.724275869600789,0.8388490907372553,0.8864907251724818,0.7481880270062004,0.9444826721501687,0.9084850188786497,0.6532125137753437,0.9138138523837167,0.7403626894942439,0.9542425094393249,0.6532125137753437,0.919078092376074,0.7481880270062004,0.9493900066449128,0.6627578316815741,0.9138138523837167,0.7075701760979364,0.9344984512435677,0.724275869600789,0.8976270912904415,0.9084850188786497,0.7781512503836436,0.9138138523837167,0.8864907251724818,0.8808135922807914,0.7708520116421442,0.9030899869919435,0.6901960800285137,0.9822712330395684,0.724275869600789,0.8864907251724818,0.8864907251724818,0.8129133566428556,0.9084850188786497,0.8512583487190752,0.8450980400142568,0.9084850188786497,0.9684829485539351,0.724275869600789,0.9493900066449128,0.6532125137753437,0.9344984512435677,0.7634279935629372,0.8920946026904804,0.8195439355418687,0.8808135922807914,0.7993405494535817,0.9444826721501687,0.7160033436347992,0.9684829485539351,0.6901960800285137,0.7558748556724915,0.8864907251724818,0.8325089127062363,0.9084850188786497,0.9084850188786497,0.8633228601204559,0.6989700043360189,0.9294189257142927,0.8692317197309762,0.7403626894942439,0.8864907251724818,0.919078092376074,0.919078092376074,0.7075701760979364,0.8920946026904804,0.9242792860618817,0.6627578316815741,0.919078092376074,0.7403626894942439,0.9084850188786497,0.7558748556724915,0.8808135922807914,0.9242792860618817,0.8864907251724818,0.9084850188786497,0.9395192526186185,0.8864907251724818,0.7075701760979364,0.8920946026904804,0.7781512503836436,0.9138138523837167,0.9590413923210935,0.724275869600789,0.8920946026904804,0.6627578316815741,0.8864907251724818,0.9242792860618817,0.6901960800285137,0.919078092376074,0.8512583487190752,0.9030899869919435,0.6901960800285137,0.8750612633917001,0.8061799739838872,0.8808135922807914,0.724275869600789,0.9731278535996987,0.7403626894942439,0.8808135922807914,0.6989700043360189,0.9138138523837167,0.7323937598229685,0.8750612633917001,0.8920946026904804,0.8976270912904415,0.8920946026904804,0.8920946026904804,0.8450980400142568,0.8976270912904415,0.8450980400142568,0.7323937598229685,0.9344984512435677,0.6989700043360189,0.9542425094393249,0.7323937598229685,0.7323937598229685,0.8864907251724818,0.8976270912904415,0.8061799739838872,0.8750612633917001,0.6720978579357175,0.9344984512435677,0.7993405494535817,0.9294189257142927,0.9138138523837167,0.7558748556724915,0.9138138523837167,0.8260748027008264,0.8692317197309762,0.7323937598229685,0.919078092376074,0.8633228601204559,0.8633228601204559,0.9444826721501687,0.9030899869919435,0.8512583487190752,0.919078092376074,0.7481880270062004,0.8976270912904415,0.8920946026904804,0.9242792860618817,0.7634279935629372,0.919078092376074,0.6334684555795865,0.7781512503836436,0.8750612633917001,0.9084850188786497,0.6627578316815741,0.9542425094393249,0.6627578316815741,0.8692317197309762,1.146128035678238,1.1760912590556813],
"type":"histogram",
"points":false,
"box":{"visible":false},
"spanmode":"hard"}],
        {"showlegend":false,
"xaxis":{"domain":[0.0,0.48780487804878053]},
"paper_bgcolor":"white",
"xaxis2":{"domain":[0.5121951219512195,1.0]},
"template":"simple_white",
"plot_bgcolor":"white",
"yaxis":{"showgrid":true,
"gridcolor":"lightgrey",
"showticklabels":true,
"zeroline":false,
"range":[-0.13985234,1.3813366],
"tickprefix":"<sub>10</sub>"},
"margin":{"l":50,
"b":50,
"r":50,
"t":50}},
        {"editable":false,
"responsive":true,
"staticPlot":false,
"scrollZoom":true},
    )
}

        
    </script>
</div>

</body>
</html>