<html>
<head><meta charset="utf-8" /></head>
<body>
<div>
    <script src="https://cdnjs.cloudflare.com/ajax/libs/mathjax/2.7.5/MathJax.js?config=TeX-AMS-MML_SVG"></script>
    <script type="text/javascript">
window.PlotlyConfig = {MathJaxConfig: 'local'};
</script>
<script src="https://cdn.plot.ly/plotly-2.33.0.min.js"></script>

    <div
        id=id-1
        class="plotly-graph-div"
        style="height:100%; width:100%;">
    </div>
    <script type="text/javascript">
        
        window.PLOTLYENV = window.PLOTLYENV || {}
        
        if (document.getElementById('id-1')) {
    Plotly.newPlot(
        'id-1',
        [{"y":[79.0,54.0,74.0,62.0,85.0,55.0,88.0,85.0,51.0,85.0,54.0,84.0,78.0,47.0,83.0,52.0,62.0,84.0,52.0,79.0,51.0,47.0,78.0,69.0,74.0,83.0,55.0,76.0,78.0,79.0,73.0,77.0,66.0,80.0,74.0,52.0,48.0,80.0,59.0,90.0,80.0,58.0,84.0,58.0,73.0,83.0,64.0,53.0,82.0,59.0,75.0,90.0,54.0,80.0,54.0,83.0,71.0,64.0,77.0,81.0,59.0,84.0,48.0,82.0,60.0,92.0,78.0,78.0,65.0,73.0,82.0,56.0,79.0,71.0,62.0,76.0,60.0,78.0,76.0,83.0,75.0,82.0,70.0,65.0,73.0,88.0,76.0,80.0,48.0,86.0,60.0,90.0,50.0,78.0,63.0,72.0,84.0,75.0,51.0,82.0,62.0,88.0,49.0,83.0,81.0,47.0,84.0,52.0,86.0,81.0,75.0,59.0,89.0,79.0,59.0,81.0,50.0,85.0,59.0,87.0,53.0,69.0,77.0,56.0,88.0,81.0,45.0,82.0,55.0,90.0,45.0,83.0,56.0,89.0,46.0,82.0,51.0,86.0,53.0,79.0,81.0,60.0,82.0,77.0,76.0,59.0,80.0,49.0,96.0,53.0,77.0,77.0,65.0,81.0,71.0,70.0,81.0,93.0,53.0,89.0,45.0,86.0,58.0,78.0,66.0,76.0,63.0,88.0,52.0,93.0,49.0,57.0,77.0,68.0,81.0,81.0,73.0,50.0,85.0,74.0,55.0,77.0,83.0,83.0,51.0,78.0,84.0,46.0,83.0,55.0,81.0,57.0,76.0,84.0,77.0,81.0,87.0,77.0,51.0,78.0,60.0,82.0,91.0,53.0,78.0,46.0,77.0,84.0,49.0,83.0,71.0,80.0,49.0,75.0,64.0,76.0,53.0,94.0,55.0,76.0,50.0,82.0,54.0,75.0,78.0,79.0,78.0,78.0,70.0,79.0,70.0,54.0,86.0,50.0,90.0,54.0,54.0,77.0,79.0,64.0,75.0,47.0,86.0,63.0,85.0,82.0,57.0,82.0,67.0,74.0,54.0,83.0,73.0,73.0,88.0,80.0,71.0,83.0,56.0,79.0,78.0,84.0,58.0,83.0,43.0,60.0,75.0,81.0,46.0,90.0,46.0,74.0,140.0,150.0],
"type":"violin",
"name":"Trace",
"box":{"visible":false},
"spanmode":"hard",
"side":"positive"}],
        {"showlegend":false,
"xaxis":{"showticklabels":false},
"shapes":[{"line":{"color":null,
"dash":"dot"},
"x0":0,
"type":"line",
"y0":50.0,
"y1":50.0,
"yref":"y",
"xref":"x domain",
"x1":1},
{"line":{"color":null,
"dash":null},
"x0":0,
"type":"line",
"y0":80.0,
"y1":80.0,
"yref":"y",
"xref":"x domain",
"x1":1},
{"line":{"color":null,
"dash":"dash"},
"x0":0,
"type":"line",
"y0":120.0,
"y1":120.0,
"yref":"y",
"xref":"x domain",
"x1":1}],
"paper_bgcolor":"white",
"template":"simple_white",
"legend":{"tracegroupgap":0},
"plot_bgcolor":"white",
"yaxis":{"showgrid":true,
"gridcolor":"lightgrey",
"showticklabels":true,
"zeroline":true,
"range":[41.93,151.07]},
"margin":{"l":50,
"b":50,
"r":50,
"t":50}},
        {"editable":false,
"responsive":true,
"staticPlot":false,
"scrollZoom":true},
    )
}

        
    </script>
</div>

</body>
</html>