<html>
<head><meta charset="utf-8" /></head>
<body>
<div>
    <script src="https://cdnjs.cloudflare.com/ajax/libs/mathjax/2.7.5/MathJax.js?config=TeX-AMS-MML_SVG"></script>
    <script type="text/javascript">
window.PlotlyConfig = {MathJaxConfig: 'local'};
</script>
<script src="https://cdn.plot.ly/plotly-2.3.0.min.js"></script>

    <div
        id=id-1
        class="plotly-graph-div"
        style="height:100%; width:100%;">
    </div>
    <script type="text/javascript">
        
        window.PLOTLYENV = window.PLOTLYENV || {}
        
        if (document.getElementById('id-1')) {
    Plotly.newPlot(
        'id-1',
        [{"side":"positive",
"scalegroup":"Distributions",
"boxpoints":false,
"type":"violin",
"y0":0.0,
"points":false,
"box":{"visible":false},
"spanmode":"hard",
"x":[1.8750612633917,2.720159303405957,2.7403626894942437,2.7781512503836434,2.792391689498254,2.8195439355418688,2.832508912706236,2.845098040014257,2.8573324964312685,2.8750612633917,2.8750612633917,2.88930170250631,2.9111576087399764,2.9111576087399764,2.9370161074648142,2.9508514588885464,2.963787827345555,2.9777236052888476,3.0,3.010723865391773,3.060697840353612,3.0791812460476247,3.2041199826559246,3.3201462861110542,3.3483048630481607,3.3664229572259727]},
{"side":"positive",
"scalegroup":"Distributions",
"boxpoints":false,
"type":"violin",
"y0":0.0,
"points":false,
"yaxis":"y2",
"box":{"visible":false},
"spanmode":"hard",
"x":[2.8976270912904414,2.7323937598229686,2.8692317197309762,2.792391689498254,2.929418925714293,2.7403626894942437,2.9444826721501687,2.929418925714293,2.7075701760979363,2.929418925714293,2.7323937598229686,2.9242792860618816,2.8920946026904804,2.6720978579357175,2.919078092376074,2.716003343634799,2.792391689498254,2.9242792860618816,2.716003343634799,2.8976270912904414,2.7075701760979363,2.6720978579357175,2.8920946026904804,2.838849090737255,2.8692317197309762,2.919078092376074,2.7403626894942437,2.8808135922807914,2.8920946026904804,2.8976270912904414,2.863322860120456,2.886490725172482,2.8195439355418688,2.9030899869919438,2.8692317197309762,2.716003343634799,2.681241237375587,2.9030899869919438,2.7708520116421442,2.9542425094393248,2.9030899869919438,2.7634279935629373,2.9242792860618816,2.7634279935629373,2.863322860120456,2.919078092376074,2.806179973983887,2.724275869600789,2.9138138523837167,2.7708520116421442,2.8750612633917,2.9542425094393248,2.7323937598229686,2.9030899869919438,2.7323937598229686,2.919078092376074,2.8512583487190755,2.806179973983887,2.886490725172482,2.90848501887865,2.7708520116421442,2.9242792860618816,2.681241237375587,2.9138138523837167,2.7781512503836434,2.963787827345555,2.8920946026904804,2.8920946026904804,2.8129133566428557,2.863322860120456,2.9138138523837167,2.7481880270062002,2.8976270912904414,2.8512583487190755,2.792391689498254,2.8808135922807914,2.7781512503836434,2.8920946026904804,2.8808135922807914,2.919078092376074,2.8750612633917,2.9138138523837167,2.845098040014257,2.8129133566428557,2.863322860120456,2.9444826721501687,2.8808135922807914,2.9030899869919438,2.681241237375587,2.934498451243568,2.7781512503836434,2.9542425094393248,2.6989700043360187,2.8920946026904804,2.7993405494535817,2.8573324964312685,2.9242792860618816,2.8750612633917,2.7075701760979363,2.9138138523837167,2.792391689498254,2.9444826721501687,2.690196080028514,2.919078092376074,2.90848501887865,2.6720978579357175,2.9242792860618816,2.716003343634799,2.934498451243568,2.90848501887865,2.8750612633917,2.7708520116421442,2.949390006644913,2.8976270912904414,2.7708520116421442,2.90848501887865,2.6989700043360187,2.929418925714293,2.7708520116421442,2.9395192526186187,2.724275869600789,2.838849090737255,2.886490725172482,2.7481880270062002,2.9444826721501687,2.90848501887865,2.6532125137753435,2.9138138523837167,2.7403626894942437,2.9542425094393248,2.6532125137753435,2.919078092376074,2.7481880270062002,2.949390006644913,2.662757831681574,2.9138138523837167,2.7075701760979363,2.934498451243568,2.724275869600789,2.8976270912904414,2.90848501887865,2.7781512503836434,2.9138138523837167,2.886490725172482,2.8808135922807914,2.7708520116421442,2.9030899869919438,2.690196080028514,2.9822712330395684,2.724275869600789,2.886490725172482,2.886490725172482,2.8129133566428557,2.90848501887865,2.8512583487190755,2.845098040014257,2.90848501887865,2.9684829485539352,2.724275869600789,2.949390006644913,2.6532125137753435,2.934498451243568,2.7634279935629373,2.8920946026904804,2.8195439355418688,2.8808135922807914,2.7993405494535817,2.9444826721501687,2.716003343634799,2.9684829485539352,2.690196080028514,2.7558748556724915,2.886490725172482,2.832508912706236,2.90848501887865,2.90848501887865,2.863322860120456,2.6989700043360187,2.929418925714293,2.8692317197309762,2.7403626894942437,2.886490725172482,2.919078092376074,2.919078092376074,2.7075701760979363,2.8920946026904804,2.9242792860618816,2.662757831681574,2.919078092376074,2.7403626894942437,2.90848501887865,2.7558748556724915,2.8808135922807914,2.9242792860618816,2.886490725172482,2.90848501887865,2.9395192526186187,2.886490725172482,2.7075701760979363,2.8920946026904804,2.7781512503836434,2.9138138523837167,2.9590413923210934,2.724275869600789,2.8920946026904804,2.662757831681574,2.886490725172482,2.9242792860618816,2.690196080028514,2.919078092376074,2.8512583487190755,2.9030899869919438,2.690196080028514,2.8750612633917,2.806179973983887,2.8808135922807914,2.724275869600789,2.9731278535996988,2.7403626894942437,2.8808135922807914,2.6989700043360187,2.9138138523837167,2.7323937598229686,2.8750612633917,2.8920946026904804,2.8976270912904414,2.8920946026904804,2.8920946026904804,2.845098040014257,2.8976270912904414,2.845098040014257,2.7323937598229686,2.934498451243568,2.6989700043360187,2.9542425094393248,2.7323937598229686,2.7323937598229686,2.886490725172482,2.8976270912904414,2.806179973983887,2.8750612633917,2.6720978579357175,2.934498451243568,2.7993405494535817,2.929418925714293,2.9138138523837167,2.7558748556724915,2.9138138523837167,2.8260748027008264,2.8692317197309762,2.7323937598229686,2.919078092376074,2.863322860120456,2.863322860120456,2.9444826721501687,2.9030899869919438,2.8512583487190755,2.919078092376074,2.7481880270062002,2.8976270912904414,2.8920946026904804,2.9242792860618816,2.7634279935629373,2.919078092376074,2.6334684555795866,2.7781512503836434,2.8750612633917,2.90848501887865,2.662757831681574,2.9542425094393248,2.662757831681574,2.8692317197309762,3.146128035678238,3.1760912590556813]}],
        {"showlegend":false,
"xaxis":{"showgrid":true,
"gridcolor":"lightgrey",
"showticklabels":true,
"zeroline":false,
"range":[1.8601477,3.3813365],
"tickprefix":"<sub>10</sub>",
"ticksuffix":"<sub>%</sub>"},
"paper_bgcolor":"white",
"template":"simple_white",
"legend":{"tracegroupgap":0},
"plot_bgcolor":"white",
"yaxis":{"domain":[0.0,0.475]},
"yaxis2":{"domain":[0.525,1.0]},
"margin":{"l":50,
"b":50,
"r":50,
"t":50}},
        {"editable":false,
"responsive":true,
"staticPlot":false,
"scrollZoom":true},
    )
}

        
    </script>
</div>

</body>
</html>