<html>
<head><meta charset="utf-8" /></head>
<body>
<div>
    <script src="https://cdnjs.cloudflare.com/ajax/libs/mathjax/2.7.5/MathJax.js?config=TeX-AMS-MML_SVG"></script>
    <script type="text/javascript">
window.PlotlyConfig = {MathJaxConfig: 'local'};
</script>
<script src="https://cdn.plot.ly/plotly-2.33.0.min.js"></script>

    <div
        id=id-1
        class="plotly-graph-div"
        style="height:100%; width:100%;">
    </div>
    <script type="text/javascript">
        
        window.PLOTLYENV = window.PLOTLYENV || {}
        
        if (document.getElementById('id-1')) {
    Plotly.newPlot(
        'id-1',
        [{"coloraxis":"coloraxis",
"y":[1,2,3,4],
"type":"heatmap",
"name":"",
"text":[["R:X<br>C:A",
"R:X<br>C:B",
"",
"R:X<br>C:C",
"",
"R:X<br>C:D"],
["",
"",
"",
"",
"",
""],
["R:Y<br>C:A",
"R:Y<br>C:B",
"",
"R:Y<br>C:C",
"",
"R:Y<br>C:D"],
["R:Z<br>C:A",
"R:Z<br>C:B",
"",
"R:Z<br>C:C",
"",
"R:Z<br>C:D"]],
"z":[[0.0,null,7.0,8.0],
[1.0,null,6.0,9.0],
[null,null,null,null],
[2.0,null,5.0,10.0],
[null,null,null,null],
[3.0,null,4.0,11.0]],
"transpose":true,
"x":[1,2,3,4,5,6]}],
        {"showlegend":false,
"coloraxis":{"cmin":-0.11,
"cmax":11.11,
"showscale":false},
"xaxis":{"showgrid":false,
"showticklabels":true,
"tickvals":[1,2,3,4,5,6],
"ticktext":["A",
"B",
"",
"C",
"",
"D"]},
"paper_bgcolor":"white",
"template":"simple_white",
"legend":{"tracegroupgap":0},
"plot_bgcolor":"white",
"yaxis":{"showgrid":false,
"showticklabels":true,
"tickvals":[1,2,3,4],
"ticktext":["X",
"",
"Y",
"Z"]},
"margin":{"l":50,
"b":50,
"r":50,
"t":50}},
        {"editable":false,
"responsive":true,
"staticPlot":false,
"scrollZoom":true},
    )
}

        
    </script>
</div>

</body>
</html>