<html>
<head><meta charset="utf-8" /></head>
<body>
<div>
    <script src="https://cdnjs.cloudflare.com/ajax/libs/mathjax/2.7.5/MathJax.js?config=TeX-AMS-MML_SVG"></script>
    <script type="text/javascript">
window.PlotlyConfig = {MathJaxConfig: 'local'};
</script>
<script src="https://cdn.plot.ly/plotly-2.33.0.min.js"></script>

    <div
        id=id-1
        class="plotly-graph-div"
        style="height:100%; width:100%;">
    </div>
    <script type="text/javascript">
        
        window.PLOTLYENV = window.PLOTLYENV || {}
        
        if (document.getElementById('id-1')) {
    Plotly.newPlot(
        'id-1',
        [{"coloraxis":"coloraxis",
"xaxis":"x2",
"y":[1,2,3],
"type":"heatmap",
"name":"",
"yaxis":"y2",
"z":[[2.0,5.0,10.0],
[3.0,4.0,11.0],
[1.0,6.0,9.0],
[0.0,7.0,8.0]],
"transpose":true,
"x":[1,2,3,4]},
{"showlegend":false,
"marker":{"color":[0.0,1.0,0.5,1.0],
"coloraxis":"coloraxis2"},
"xaxis":"x2",
"y":[1.0,1.0,1.0,1.0],
"type":"bar",
"name":"score",
"orientation":"v",
"x":["1",
"2",
"3",
"4"]},
{"showlegend":false,
"marker":{"color":["black",
"darkgray",
"lightgray"]},
"y":["1",
"2",
"3"],
"type":"bar",
"name":"is",
"yaxis":"y2",
"orientation":"h",
"x":[1.0,1.0,1.0]}],
        {"showlegend":false,
"coloraxis2":{"showscale":false},
"xaxis":{"showgrid":false,
"showticklabels":false,
"range":[0.0,1.0],
"domain":[0.0,0.05]},
"coloraxis":{"cmin":0.0,
"cmax":11.0,
"showscale":false},
"paper_bgcolor":"white",
"bargap":0,
"template":"simple_white",
"legend":{"tracegroupgap":0},
"yaxis2":{"showgrid":false,
"showticklabels":false,
"range":[0.5,3.5],
"domain":[0.055,1.0]},
"yaxis":{"showgrid":false,
"showticklabels":false,
"range":[0.0,1.0],
"domain":[0.0,0.05]},
"xaxis2":{"showgrid":false,
"showticklabels":false,
"range":[0.5,4.5],
"domain":[0.055,1.0]},
"annotations":[{"yanchor":"middle",
"xanchor":"right",
"y":0.5,
"yref":"y domain",
"showarrow":false,
"text":"score",
"xref":"x domain",
"x":0},
{"yanchor":"top",
"xanchor":"center",
"y":0,
"yref":"y domain",
"showarrow":false,
"text":"is",
"xref":"x domain",
"textangle":-90,
"x":0.5}],
"plot_bgcolor":"white",
"margin":{"l":50,
"b":50,
"r":50,
"t":50}},
        {"editable":false,
"responsive":true,
"staticPlot":false,
"scrollZoom":true},
    )
}

        
    </script>
</div>

</body>
</html>