<html>
<head><meta charset="utf-8" /></head>
<body>
<div>
    <script src="https://cdnjs.cloudflare.com/ajax/libs/mathjax/2.7.5/MathJax.js?config=TeX-AMS-MML_SVG"></script>
    <script type="text/javascript">
window.PlotlyConfig = {MathJaxConfig: 'local'};
</script>
<script src="https://cdn.plot.ly/plotly-2.3.0.min.js"></script>

    <div
        id=id-1
        class="plotly-graph-div"
        style="height:100%; width:100%;">
    </div>
    <script type="text/javascript">
        
        window.PLOTLYENV = window.PLOTLYENV || {}
        
        if (document.getElementById('id-1')) {
    Plotly.newPlot(
        'id-1',
        [{"showlegend":false,
"mode":"markers",
"marker":{"color":["red",
"yellow",
"green",
"cyan",
"blue",
"magenta",
"blue",
"cyan",
"green",
"yellow",
"red"],
"size":12,
"showscale":false},
"y":[0.0,1.0,4.0,9.0,16.0,25.0,36.0,49.0,64.0,81.0,100.0],
"type":"scatter",
"text":["X: 0<br>Y: 0",
"X: 10<br>Y: 1",
"X: 20<br>Y: 4",
"X: 30<br>Y: 9",
"X: 40<br>Y: 16",
"X: 50<br>Y: 25",
"X: 60<br>Y: 36",
"X: 70<br>Y: 49",
"X: 80<br>Y: 64",
"X: 90<br>Y: 81",
"X: 100<br>Y: 100"],
"hovertemplate":"%{text}<extra></extra>",
"x":[0.0,10.0,20.0,30.0,40.0,50.0,60.0,70.0,80.0,90.0,100.0]},
{"showlegend":false,
"mode":"markers",
"marker":{"size":6,
"showscale":false},
"y":[0.0,1.0,4.0,9.0,16.0,25.0,36.0,49.0,64.0,81.0,100.0],
"type":"scatter",
"text":["X: 0<br>Y: 0",
"X: 10<br>Y: 1",
"X: 20<br>Y: 4",
"X: 30<br>Y: 9",
"X: 40<br>Y: 16",
"X: 50<br>Y: 25",
"X: 60<br>Y: 36",
"X: 70<br>Y: 49",
"X: 80<br>Y: 64",
"X: 90<br>Y: 81",
"X: 100<br>Y: 100"],
"hovertemplate":"%{text}<extra></extra>",
"x":[0.0,10.0,20.0,30.0,40.0,50.0,60.0,70.0,80.0,90.0,100.0]}],
        {"showlegend":false,
"xaxis":{"showgrid":true,
"gridcolor":"lightgrey",
"showticklabels":true,
"zeroline":true,
"range":[-1.0,101.0]},
"paper_bgcolor":"white",
"template":"simple_white",
"legend":{"tracegroupgap":0},
"plot_bgcolor":"white",
"yaxis":{"showgrid":true,
"gridcolor":"lightgrey",
"showticklabels":true,
"zeroline":true,
"range":[-1.0,101.0]},
"margin":{"l":50,
"b":50,
"r":50,
"t":50}},
        {"editable":false,
"responsive":true,
"staticPlot":false,
"scrollZoom":true},
    )
}

        
    </script>
</div>

</body>
</html>