<html>
<head><meta charset="utf-8" /></head>
<body>
<div>
    <script src="https://cdnjs.cloudflare.com/ajax/libs/mathjax/2.7.5/MathJax.js?config=TeX-AMS-MML_SVG"></script>
    <script type="text/javascript">
window.PlotlyConfig = {MathJaxConfig: 'local'};
</script>
<script src="https://cdn.plot.ly/plotly-2.3.0.min.js"></script>

    <div
        id=id-1
        class="plotly-graph-div"
        style="height:100%; width:100%;">
    </div>
    <script type="text/javascript">
        
        window.PLOTLYENV = window.PLOTLYENV || {}
        
        if (document.getElementById('id-1')) {
    Plotly.newPlot(
        'id-1',
        [{"showlegend":true,
"mode":"markers",
"marker":{"color":"blue",
"size":12,
"showscale":false},
"y":[4,36,100],
"type":"scatter",
"name":"Baz",
"text":["Color: in Baz<br>X: 20<br>Y: 4",
"Color: in Baz<br>X: 60<br>Y: 36",
"Color: in Baz<br>X: 100<br>Y: 100"],
"legendgroup":"Borders Baz",
"hovertemplate":"%{text}<extra></extra>",
"x":[20,60,100]},
{"showlegend":true,
"mode":"markers",
"marker":{"color":"green",
"size":12,
"showscale":false},
"y":[1,9,25,49,81],
"type":"scatter",
"name":"Bar",
"text":["Color: in Bar<br>X: 10<br>Y: 1",
"Color: in Bar<br>X: 30<br>Y: 9",
"Color: in Bar<br>X: 50<br>Y: 25",
"Color: in Bar<br>X: 70<br>Y: 49",
"Color: in Bar<br>X: 90<br>Y: 81"],
"legendgroup":"Borders Bar",
"hovertemplate":"%{text}<extra></extra>",
"x":[10,30,50,70,90]},
{"showlegend":true,
"mode":"markers",
"marker":{"color":"red",
"size":12,
"showscale":false},
"y":[0,16,64],
"type":"scatter",
"name":"Foo",
"text":["Color: in Foo<br>X: 0<br>Y: 0",
"Color: in Foo<br>X: 40<br>Y: 16",
"Color: in Foo<br>X: 80<br>Y: 64"],
"legendgroup":"Borders Foo",
"hovertemplate":"%{text}<extra></extra>",
"x":[0,40,80]},
{"showlegend":false,
"mode":"markers",
"marker":{"size":6,
"showscale":false},
"y":[0,1,4,9,16,25,36,49,64,81,100],
"type":"scatter",
"text":["Color: in Foo<br>X: 0<br>Y: 0",
"Color: in Bar<br>X: 10<br>Y: 1",
"Color: in Baz<br>X: 20<br>Y: 4",
"Color: in Bar<br>X: 30<br>Y: 9",
"Color: in Foo<br>X: 40<br>Y: 16",
"Color: in Bar<br>X: 50<br>Y: 25",
"Color: in Baz<br>X: 60<br>Y: 36",
"Color: in Bar<br>X: 70<br>Y: 49",
"Color: in Foo<br>X: 80<br>Y: 64",
"Color: in Bar<br>X: 90<br>Y: 81",
"Color: in Baz<br>X: 100<br>Y: 100"],
"hovertemplate":"%{text}<extra></extra>",
"x":[0,10,20,30,40,50,60,70,80,90,100]}],
        {"showlegend":true,
"xaxis":{"showgrid":true,
"gridcolor":"lightgrey",
"showticklabels":true,
"zeroline":true,
"range":[-1.0,101.0]},
"paper_bgcolor":"white",
"template":"simple_white",
"legend":{"tracegroupgap":0,
"itemdoubleclick":false},
"plot_bgcolor":"white",
"yaxis":{"showgrid":true,
"gridcolor":"lightgrey",
"showticklabels":true,
"zeroline":true,
"range":[-1.0,101.0]},
"margin":{"l":50,
"b":50,
"r":50,
"t":50}},
        {"editable":false,
"responsive":true,
"staticPlot":false,
"scrollZoom":true},
    )
}

        
    </script>
</div>

</body>
</html>