<html>
<head><meta charset="utf-8" /></head>
<body>
<div>
    <script src="https://cdnjs.cloudflare.com/ajax/libs/mathjax/2.7.5/MathJax.js?config=TeX-AMS-MML_SVG"></script>
    <script type="text/javascript">
window.PlotlyConfig = {MathJaxConfig: 'local'};
</script>
<script src="https://cdn.plot.ly/plotly-2.3.0.min.js"></script>

    <div
        id=id-1
        class="plotly-graph-div"
        style="height:100%; width:100%;">
    </div>
    <script type="text/javascript">
        
        window.PLOTLYENV = window.PLOTLYENV || {}
        
        if (document.getElementById('id-1')) {
    Plotly.newPlot(
        'id-1',
        [{"showlegend":false,
"mode":"markers",
"marker":{"size":[24.0,24.0,24.0,24.0,24.0,24.0,24.0,24.0,24.0,24.0,24.0],
"showscale":false},
"y":[0,1,4,9,16,25,36,49,64,81,100],
"type":"scatter",
"legendgroup":"Borders",
"x":[0,10,20,30,40,50,60,70,80,90,100]},
{"showlegend":false,
"mode":"markers",
"marker":{"size":[18.0,16.8,15.6,14.4,13.2,12.0,10.8,9.6,8.4,7.2,6.0],
"showscale":false},
"y":[0,1,4,9,16,25,36,49,64,81,100],
"type":"scatter",
"legendgroup":"Points",
"x":[0,10,20,30,40,50,60,70,80,90,100]}],
        {"showlegend":false,
"xaxis":{"showgrid":true,
"gridcolor":"lightgrey",
"showticklabels":true,
"zeroline":true,
"range":[-1,101]},
"paper_bgcolor":"white",
"template":"simple_white",
"legend":{"tracegroupgap":0},
"plot_bgcolor":"white",
"yaxis":{"showgrid":true,
"gridcolor":"lightgrey",
"showticklabels":true,
"zeroline":true,
"range":[-1,101]},
"margin":{"l":50,
"b":50,
"r":50,
"t":50}},
        {"editable":false,
"responsive":true,
"staticPlot":false,
"scrollZoom":true},
    )
}

        
    </script>
</div>

</body>
</html>