<html>
<head><meta charset="utf-8" /></head>
<body>
<div>
    <script src="https://cdnjs.cloudflare.com/ajax/libs/mathjax/2.7.5/MathJax.js?config=TeX-AMS-MML_SVG"></script>
    <script type="text/javascript">
window.PlotlyConfig = {MathJaxConfig: 'local'};
</script>
<script src="https://cdn.plot.ly/plotly-2.3.0.min.js"></script>

    <div
        id=id-1
        class="plotly-graph-div"
        style="height:100%; width:100%;">
    </div>
    <script type="text/javascript">
        
        window.PLOTLYENV = window.PLOTLYENV || {}
        
        if (document.getElementById('id-1')) {
    Plotly.newPlot(
        'id-1',
        [{"showlegend":false,
"mode":"markers",
"marker":{"size":6,
"showscale":false},
"y":[0.0,0.3010299956639812,0.6989700043360189,1.0,1.2304489213782739,1.414973347970818,1.568201724066995,1.6989700043360187,1.8129133566428555,1.9138138523837167,2.0043213737826426],
"type":"scatter",
"text":["X: 0 = <sub>10</sub>0.0<br>Y: 0 = <sub>10</sub>0.0",
"X: 10 = <sub>10</sub>1.0413926851582251<br>Y: 1 = <sub>10</sub>0.3010299956639812",
"X: 20 = <sub>10</sub>1.3222192947339193<br>Y: 4 = <sub>10</sub>0.6989700043360189",
"X: 30 = <sub>10</sub>1.4913616938342726<br>Y: 9 = <sub>10</sub>1.0",
"X: 40 = <sub>10</sub>1.6127838567197355<br>Y: 16 = <sub>10</sub>1.2304489213782739",
"X: 50 = <sub>10</sub>1.7075701760979363<br>Y: 25 = <sub>10</sub>1.414973347970818",
"X: 60 = <sub>10</sub>1.7853298350107671<br>Y: 36 = <sub>10</sub>1.568201724066995",
"X: 70 = <sub>10</sub>1.8512583487190752<br>Y: 49 = <sub>10</sub>1.6989700043360187",
"X: 80 = <sub>10</sub>1.9084850188786497<br>Y: 64 = <sub>10</sub>1.8129133566428555",
"X: 90 = <sub>10</sub>1.9590413923210936<br>Y: 81 = <sub>10</sub>1.9138138523837167",
"X: 100 = <sub>10</sub>2.0043213737826426<br>Y: 100 = <sub>10</sub>2.0043213737826426"],
"hovertemplate":"%{text}<extra></extra>",
"x":[0.0,1.0413926851582251,1.3222192947339193,1.4913616938342726,1.6127838567197355,1.7075701760979363,1.7853298350107671,1.8512583487190752,1.9084850188786497,1.9590413923210936,2.0043213737826426]}],
        {"showlegend":false,
"xaxis":{"showgrid":true,
"gridcolor":"lightgrey",
"showticklabels":true,
"zeroline":false,
"range":[-0.020043213,2.0243645],
"tickprefix":"<sub>10</sub>"},
"paper_bgcolor":"white",
"template":"simple_white",
"legend":{"tracegroupgap":0},
"plot_bgcolor":"white",
"yaxis":{"showgrid":true,
"gridcolor":"lightgrey",
"showticklabels":true,
"zeroline":false,
"range":[-0.020043213,2.0243645],
"tickprefix":"<sub>10</sub>"},
"margin":{"l":50,
"b":50,
"r":50,
"t":50}},
        {"editable":false,
"responsive":true,
"staticPlot":false,
"scrollZoom":true},
    )
}

        
    </script>
</div>

</body>
</html>