<html>
<head><meta charset="utf-8" /></head>
<body>
<div>
    <script src="https://cdnjs.cloudflare.com/ajax/libs/mathjax/2.7.5/MathJax.js?config=TeX-AMS-MML_SVG"></script>
    <script type="text/javascript">
window.PlotlyConfig = {MathJaxConfig: 'local'};
</script>
<script src="https://cdn.plot.ly/plotly-2.3.0.min.js"></script>

    <div
        id=id-1
        class="plotly-graph-div"
        style="height:100%; width:100%;">
    </div>
    <script type="text/javascript">
        
        window.PLOTLYENV = window.PLOTLYENV || {}
        
        if (document.getElementById('id-1')) {
    Plotly.newPlot(
        'id-1',
        [{"showlegend":false,
"mode":"markers",
"marker":{"color":"blue",
"size":6,
"showscale":false},
"y":[4],
"type":"scatter",
"name":"Baz",
"text":["Color: Baz<br>X: 20<br>Y: 4"],
"legendgroup":"Points Baz",
"hovertemplate":"%{text}<extra></extra>",
"x":[20]},
{"showlegend":false,
"mode":"markers",
"marker":{"color":"green",
"size":6,
"showscale":false},
"y":[1,9,25],
"type":"scatter",
"name":"Bar",
"text":["Color: Bar<br>X: 10<br>Y: 1",
"Color: Bar<br>X: 30<br>Y: 9",
"Color: Bar<br>X: 50<br>Y: 25"],
"legendgroup":"Points Bar",
"hovertemplate":"%{text}<extra></extra>",
"x":[10,30,50]},
{"showlegend":false,
"mode":"markers",
"marker":{"color":"red",
"size":6,
"showscale":false},
"y":[0,16],
"type":"scatter",
"name":"Foo",
"text":["Color: Foo<br>X: 0<br>Y: 0",
"Color: Foo<br>X: 40<br>Y: 16"],
"legendgroup":"Points Foo",
"hovertemplate":"%{text}<extra></extra>",
"x":[0,40]}],
        {"showlegend":false,
"xaxis":{"showgrid":true,
"gridcolor":"lightgrey",
"showticklabels":true,
"zeroline":true,
"range":[-1.0,101.0]},
"paper_bgcolor":"white",
"template":"simple_white",
"legend":{"tracegroupgap":0},
"plot_bgcolor":"white",
"yaxis":{"showgrid":true,
"gridcolor":"lightgrey",
"showticklabels":true,
"zeroline":true,
"range":[-1.0,101.0]},
"margin":{"l":50,
"b":50,
"r":50,
"t":50}},
        {"editable":false,
"responsive":true,
"staticPlot":false,
"scrollZoom":true},
    )
}

        
    </script>
</div>

</body>
</html>