<html>
<head><meta charset="utf-8" /></head>
<body>
<div>
    <script src="https://cdnjs.cloudflare.com/ajax/libs/mathjax/2.7.5/MathJax.js?config=TeX-AMS-MML_SVG"></script>
    <script type="text/javascript">
window.PlotlyConfig = {MathJaxConfig: 'local'};
</script>
<script src="https://cdn.plot.ly/plotly-2.3.0.min.js"></script>

    <div
        id=id-1
        class="plotly-graph-div"
        style="height:100%; width:100%;">
    </div>
    <script type="text/javascript">
        
        window.PLOTLYENV = window.PLOTLYENV || {}
        
        if (document.getElementById('id-1')) {
    Plotly.newPlot(
        'id-1',
        [{"showlegend":false,
"mode":"markers",
"marker":{"color":[0,1,2,3,4,5,6,7,8,9,10],
"coloraxis":"coloraxis",
"size":6,
"showscale":false},
"y":[0,1,4,9,16,25,36,49,64,81,100],
"type":"scatter",
"text":["Color: 0<br>X: 0<br>Y: 0",
"Color: 1<br>X: 10<br>Y: 1",
"Color: 2<br>X: 20<br>Y: 4",
"Color: 3<br>X: 30<br>Y: 9",
"Color: 4<br>X: 40<br>Y: 16",
"Color: 5<br>X: 50<br>Y: 25",
"Color: 6<br>X: 60<br>Y: 36",
"Color: 7<br>X: 70<br>Y: 49",
"Color: 8<br>X: 80<br>Y: 64",
"Color: 9<br>X: 90<br>Y: 81",
"Color: 10<br>X: 100<br>Y: 100"],
"legendgroup":"Points",
"hovertemplate":"%{text}<extra></extra>",
"x":[0,10,20,30,40,50,60,70,80,90,100]}],
        {"showlegend":false,
"coloraxis":{"cmin":-0.1,
"cmax":10.1,
"showscale":false},
"xaxis":{"showgrid":true,
"gridcolor":"lightgrey",
"showticklabels":true,
"zeroline":true,
"range":[-1.0,101.0]},
"paper_bgcolor":"white",
"template":"simple_white",
"legend":{"tracegroupgap":0},
"plot_bgcolor":"white",
"yaxis":{"showgrid":true,
"gridcolor":"lightgrey",
"showticklabels":true,
"zeroline":true,
"range":[-1.0,101.0]},
"margin":{"l":50,
"b":50,
"r":50,
"t":50}},
        {"editable":false,
"responsive":true,
"staticPlot":false,
"scrollZoom":true},
    )
}

        
    </script>
</div>

</body>
</html>