<html>
<head><meta charset="utf-8" /></head>
<body>
<div>
    <script src="https://cdnjs.cloudflare.com/ajax/libs/mathjax/2.7.5/MathJax.js?config=TeX-AMS-MML_SVG"></script>
    <script type="text/javascript">
window.PlotlyConfig = {MathJaxConfig: 'local'};
</script>
<script src="https://cdn.plot.ly/plotly-2.3.0.min.js"></script>

    <div
        id=id-1
        class="plotly-graph-div"
        style="height:100%; width:100%;">
    </div>
    <script type="text/javascript">
        
        window.PLOTLYENV = window.PLOTLYENV || {}
        
        if (document.getElementById('id-1')) {
    Plotly.newPlot(
        'id-1',
        [{"showlegend":false,
"mode":"markers",
"marker":{"color":[0,1,2,3,4,5,6,7,8,9,10],
"coloraxis":"coloraxis2",
"size":6,
"showscale":false},
"y":[0,1,4,9,16,25,36,49,64,81,100],
"type":"scatter",
"legendgroup":"Points",
"x":[0,10,20,30,40,50,60,70,80,90,100]}],
        {"showlegend":false,
"coloraxis2":{"cmin":0,
"colorscale":[[0.0,
"#440154"],
[0.0625,
"#48186a"],
[0.125,
"#472d7b"],
[0.1875,
"#424086"],
[0.25,
"#3b528b"],
[0.3125,
"#33638d"],
[0.375,
"#2c728e"],
[0.4375,
"#26828e"],
[0.5,
"#21918c"],
[0.5625,
"#1fa088"],
[0.625,
"#28ae80"],
[0.6875,
"#3fbc73"],
[0.75,
"#5ec962"],
[0.8125,
"#84d44b"],
[0.875,
"#addc30"],
[0.9375,
"#d8e219"],
[1.0,
"#fde725"]],
"cmax":10,
"showscale":false},
"xaxis":{"showgrid":true,
"gridcolor":"lightgrey",
"showticklabels":true,
"zeroline":true,
"range":[-1,101]},
"paper_bgcolor":"white",
"template":"simple_white",
"legend":{"tracegroupgap":0},
"plot_bgcolor":"white",
"yaxis":{"showgrid":true,
"gridcolor":"lightgrey",
"showticklabels":true,
"zeroline":true,
"range":[-1,101]},
"margin":{"l":50,
"b":50,
"r":50,
"t":50}},
        {"editable":false,
"responsive":true,
"staticPlot":false,
"scrollZoom":true},
    )
}

        
    </script>
</div>

</body>
</html>