<html>
<head><meta charset="utf-8" /></head>
<body>
<div>
    <script src="https://cdnjs.cloudflare.com/ajax/libs/mathjax/2.7.5/MathJax.js?config=TeX-AMS-MML_SVG"></script>
    <script type="text/javascript">
window.PlotlyConfig = {MathJaxConfig: 'local'};
</script>
<script src="https://cdn.plot.ly/plotly-2.3.0.min.js"></script>

    <div
        id=id-1
        class="plotly-graph-div"
        style="height:100%; width:100%;">
    </div>
    <script type="text/javascript">
        
        window.PLOTLYENV = window.PLOTLYENV || {}
        
        if (document.getElementById('id-1')) {
    Plotly.newPlot(
        'id-1',
        [{"showlegend":true,
"mode":"markers",
"name":"Baz-B",
"text":["Color: 2 in Baz-B<br>X: 20<br>Y: 4",
"Color: 6 in Baz-B<br>X: 60<br>Y: 36",
"Color: 10 in Baz-B<br>X: 100<br>Y: 100"],
"legendgroup":"Borders Baz-B",
"legendgrouptitle":{"text":"Borders"},
"marker":{"color":"blue",
"size":12,
"showscale":false},
"y":[4.0,36.0,100.0],
"type":"scatter",
"hovertemplate":"%{text}<extra></extra>",
"x":[20.0,60.0,100.0]},
{"showlegend":true,
"mode":"markers",
"marker":{"color":"green",
"size":12,
"showscale":false},
"y":[1.0,9.0,25.0,49.0,81.0],
"type":"scatter",
"name":"Bar-B",
"text":["Color: 1 in Bar-B<br>X: 10<br>Y: 1",
"Color: 3 in Bar-B<br>X: 30<br>Y: 9",
"Color: 5 in Bar-B<br>X: 50<br>Y: 25",
"Color: 7 in Bar-B<br>X: 70<br>Y: 49",
"Color: 9 in Bar-B<br>X: 90<br>Y: 81"],
"legendgroup":"Borders Bar-B",
"hovertemplate":"%{text}<extra></extra>",
"x":[10.0,30.0,50.0,70.0,90.0]},
{"showlegend":true,
"mode":"markers",
"marker":{"color":"red",
"size":12,
"showscale":false},
"y":[0.0,16.0,64.0],
"type":"scatter",
"name":"Foo-B",
"text":["Color: 0 in Foo-B<br>X: 0<br>Y: 0",
"Color: 4 in Foo-B<br>X: 40<br>Y: 16",
"Color: 8 in Foo-B<br>X: 80<br>Y: 64"],
"legendgroup":"Borders Foo-B",
"hovertemplate":"%{text}<extra></extra>",
"x":[0.0,40.0,80.0]},
{"showlegend":false,
"mode":"markers",
"marker":{"color":[0.0,1.0,2.0,3.0,4.0,5.0,6.0,7.0,8.0,9.0,10.0],
"coloraxis":"coloraxis",
"size":6,
"showscale":true},
"y":[0.0,1.0,4.0,9.0,16.0,25.0,36.0,49.0,64.0,81.0,100.0],
"type":"scatter",
"text":["Color: 0 in Foo-B<br>X: 0<br>Y: 0",
"Color: 1 in Bar-B<br>X: 10<br>Y: 1",
"Color: 2 in Baz-B<br>X: 20<br>Y: 4",
"Color: 3 in Bar-B<br>X: 30<br>Y: 9",
"Color: 4 in Foo-B<br>X: 40<br>Y: 16",
"Color: 5 in Bar-B<br>X: 50<br>Y: 25",
"Color: 6 in Baz-B<br>X: 60<br>Y: 36",
"Color: 7 in Bar-B<br>X: 70<br>Y: 49",
"Color: 8 in Foo-B<br>X: 80<br>Y: 64",
"Color: 9 in Bar-B<br>X: 90<br>Y: 81",
"Color: 10 in Baz-B<br>X: 100<br>Y: 100"],
"hovertemplate":"%{text}<extra></extra>",
"x":[0.0,10.0,20.0,30.0,40.0,50.0,60.0,70.0,80.0,90.0,100.0]},
{"showlegend":true,
"mode":"lines",
"line":{"color":"red",
"width":2},
"x":[0.0,60.0],
"y":[0.0,36.0],
"type":"scatter",
"name":"Foo-E",
"legendgroup":"Edges Foo-E",
"legendgrouptitle":{"text":"Edges"}},
{"showlegend":true,
"mode":"lines",
"line":{"color":"green",
"width":2},
"y":[1.0,49.0],
"type":"scatter",
"name":"Bar-E",
"legendgroup":"Edges Bar-E",
"x":[10.0,70.0]},
{"showlegend":true,
"mode":"lines",
"line":{"color":"blue",
"width":2},
"y":[4.0,64.0],
"type":"scatter",
"name":"Baz-E",
"legendgroup":"Edges Baz-E",
"x":[20.0,80.0]},
{"showlegend":false,
"mode":"lines",
"line":{"color":"green",
"width":2},
"y":[9.0,81.0],
"type":"scatter",
"name":"Bar-E",
"x":[30.0,90.0]},
{"showlegend":false,
"mode":"lines",
"line":{"color":"red",
"width":2},
"y":[16.0,100.0],
"type":"scatter",
"name":"Foo-E",
"x":[40.0,100.0]}],
        {"showlegend":true,
"coloraxis":{"colorbar":{"title":{"text":"Points"},
"x":1.2},
"cmin":-0.1,
"colorscale":[[0.0,
"red"],
[1.0,
"blue"]],
"cmax":10.1,
"showscale":true},
"xaxis":{"showgrid":true,
"gridcolor":"lightgrey",
"showticklabels":true,
"zeroline":true,
"range":[-1.0,101.0],
"title":"X Axis"},
"paper_bgcolor":"white",
"template":"simple_white",
"legend":{"tracegroupgap":0,
"itemdoubleclick":false},
"title":"Figure",
"yaxis":{"showgrid":true,
"gridcolor":"lightgrey",
"showticklabels":true,
"zeroline":true,
"range":[-1.0,101.0],
"title":"Y Axis"},
"plot_bgcolor":"white",
"margin":{"l":50,
"b":50,
"r":50,
"t":50}},
        {"editable":false,
"responsive":true,
"staticPlot":false,
"scrollZoom":true},
    )
}

        
    </script>
</div>

</body>
</html>