<html>
<head><meta charset="utf-8" /></head>
<body>
<div>
    <script src="https://cdnjs.cloudflare.com/ajax/libs/mathjax/2.7.5/MathJax.js?config=TeX-AMS-MML_SVG"></script>
    <script type="text/javascript">
window.PlotlyConfig = {MathJaxConfig: 'local'};
</script>
<script src="https://cdn.plot.ly/plotly-2.3.0.min.js"></script>

    <div
        id=id-1
        class="plotly-graph-div"
        style="height:100%; width:100%;">
    </div>
    <script type="text/javascript">
        
        window.PLOTLYENV = window.PLOTLYENV || {}
        
        if (document.getElementById('id-1')) {
    Plotly.newPlot(
        'id-1',
        [{"showlegend":false,
"mode":"markers",
"marker":{"size":6,
"showscale":false},
"y":[0,1,4,9,16,25,36,49,64,81,100],
"type":"scatter",
"x":[0,10,20,30,40,50,60,70,80,90,100]}],
        {"showlegend":false,
"xaxis":{"showgrid":true,
"gridcolor":"lightgrey",
"showticklabels":true,
"zeroline":true,
"range":[-1.0,101.0]},
"shapes":[{"line":{"color":"green",
"dash":"dot"},
"x0":24.0,
"type":"line",
"y0":-1.0,
"y1":76.0,
"yref":"y",
"xref":"x",
"x1":101.0},
{"line":{"color":"red",
"dash":null},
"x0":-1.0,
"type":"line",
"y0":-1.0,
"y1":101.0,
"yref":"y",
"xref":"x",
"x1":101.0},
{"line":{"color":"blue",
"dash":"dash"},
"x0":-1.0,
"type":"line",
"y0":24.0,
"y1":101.0,
"yref":"y",
"xref":"x",
"x1":76.0},
{"line":{"width":0},
"fillcolor":"00800080",
"type":"path",
"layer":"below",
"path":"M 101.0 -1.0 L 24.0 -1.0 L 101.0 76.0 Z",
"yref":"y",
"xref":"x"},
{"line":{"width":0},
"fillcolor":"FF000080",
"type":"path",
"layer":"below",
"path":"M -1.0 24.0 L 76.0 101.0 L 101.0 101.0 L 101.0 76.0 L 24.0 -1.0 L -1.0 -1.0 Z",
"yref":"y",
"xref":"x"},
{"line":{"width":0},
"fillcolor":"0000FF80",
"type":"path",
"layer":"below",
"path":"M -1.0 101.0 L -1.0 24.0 L 76.0 101.0 Z",
"yref":"y",
"xref":"x"}],
"paper_bgcolor":"white",
"template":"simple_white",
"legend":{"tracegroupgap":0},
"plot_bgcolor":"white",
"yaxis":{"showgrid":true,
"gridcolor":"lightgrey",
"showticklabels":true,
"zeroline":true,
"range":[-1.0,101.0]},
"margin":{"l":50,
"b":50,
"r":50,
"t":50}},
        {"editable":false,
"responsive":true,
"staticPlot":false,
"scrollZoom":true},
    )
}

        
    </script>
</div>

</body>
</html>