<html>
<head><meta charset="utf-8" /></head>
<body>
<div>
    <script src="https://cdnjs.cloudflare.com/ajax/libs/mathjax/2.7.5/MathJax.js?config=TeX-AMS-MML_SVG"></script>
    <script type="text/javascript">
window.PlotlyConfig = {MathJaxConfig: 'local'};
</script>
<script src="https://cdn.plot.ly/plotly-2.33.0.min.js"></script>

    <div
        id=id-1
        class="plotly-graph-div"
        style="height:100%; width:100%;">
    </div>
    <script type="text/javascript">
        
        window.PLOTLYENV = window.PLOTLYENV || {}
        
        if (document.getElementById('id-1')) {
    Plotly.newPlot(
        'id-1',
        [{"showlegend":false,
"xaxis":"x2",
"x0":0.0,
"y":["1",
"2",
"3",
"4",
"5",
"6",
"7",
"8",
"9",
"10",
"11"],
"type":"bar",
"orientation":"h",
"x":[0.0,5.0,10.0,15.0,20.0,25.0,30.0,35.0,40.0,45.0,50.0]},
{"showlegend":false,
"xaxis":"x3",
"x0":0.0,
"y":["1",
"2",
"3",
"4",
"5",
"6",
"7",
"8",
"9",
"10",
"11"],
"type":"bar",
"orientation":"h",
"x":[0.0,1.0,4.0,9.0,16.0,25.0,36.0,49.0,64.0,81.0,100.0]},
{"showlegend":false,
"marker":{"color":[1.0,0.5,0.0,0.5,1.0,0.5,0.0,0.5,1.0,0.5,0.0],
"coloraxis":"coloraxis"},
"y":["1",
"2",
"3",
"4",
"5",
"6",
"7",
"8",
"9",
"10",
"11"],
"type":"bar",
"name":"score",
"orientation":"h",
"x":[1.0,1.0,1.0,1.0,1.0,1.0,1.0,1.0,1.0,1.0,1.0]}],
        {"showlegend":false,
"coloraxis":{"showscale":false},
"xaxis":{"showgrid":true,
"gridcolor":"lightgrey",
"showticklabels":false,
"range":[0.0,1.0],
"domain":[0.0,0.05],
"title":"score"},
"paper_bgcolor":"white",
"bargap":0.02,
"template":"simple_white",
"legend":{"tracegroupgap":0},
"xaxis3":{"showgrid":true,
"gridcolor":"lightgrey",
"showticklabels":true,
"zeroline":true,
"range":[-1.0,101.0],
"domain":[0.5525,1.0]},
"yaxis":{"showgrid":false,
"showticklabels":false},
"xaxis2":{"showgrid":true,
"gridcolor":"lightgrey",
"showticklabels":true,
"zeroline":true,
"range":[-0.5,50.5],
"domain":[0.055,0.5025]},
"plot_bgcolor":"white",
"margin":{"l":50,
"b":50,
"r":50,
"t":50}},
        {"editable":false,
"responsive":true,
"staticPlot":false,
"scrollZoom":true},
    )
}

        
    </script>
</div>

</body>
</html>