<html>
<head><meta charset="utf-8" /></head>
<body>
<div>
    <script src="https://cdnjs.cloudflare.com/ajax/libs/mathjax/2.7.5/MathJax.js?config=TeX-AMS-MML_SVG"></script>
    <script type="text/javascript">
window.PlotlyConfig = {MathJaxConfig: 'local'};
</script>
<script src="https://cdn.plot.ly/plotly-2.33.0.min.js"></script>

    <div
        id=id-1
        class="plotly-graph-div"
        style="height:100%; width:100%;">
    </div>
    <script type="text/javascript">
        
        window.PLOTLYENV = window.PLOTLYENV || {}
        
        if (document.getElementById('id-1')) {
    Plotly.newPlot(
        'id-1',
        [{"showlegend":false,
"y":["1",
"2",
"3",
"4",
"5",
"6",
"7",
"8",
"9",
"10",
"11"],
"type":"bar",
"orientation":"h",
"x":[0.0,83.33333333333334,71.42857142857143,62.5,55.55555555555556,50.0,45.45454545454545,41.66666666666667,38.46153846153847,35.714285714285715,33.33333333333333]},
{"showlegend":false,
"y":["1",
"2",
"3",
"4",
"5",
"6",
"7",
"8",
"9",
"10",
"11"],
"type":"bar",
"orientation":"h",
"x":[0.0,16.666666666666664,28.57142857142857,37.5,44.44444444444444,50.0,54.54545454545454,58.333333333333336,61.53846153846154,64.28571428571429,66.66666666666666]}],
        {"showlegend":false,
"xaxis":{"showgrid":true,
"gridcolor":"lightgrey",
"showticklabels":true,
"zeroline":true,
"range":[-1.0,101.0],
"ticksuffix":"<sub>%</sub>"},
"paper_bgcolor":"white",
"bargap":0.02,
"template":"simple_white",
"legend":{"tracegroupgap":0},
"plot_bgcolor":"white",
"yaxis":{"showgrid":false,
"showticklabels":false},
"barmode":"relative",
"margin":{"l":50,
"b":50,
"r":50,
"t":50}},
        {"editable":false,
"responsive":true,
"staticPlot":false,
"scrollZoom":true},
    )
}

        
    </script>
</div>

</body>
</html>