<html>
<head><meta charset="utf-8" /></head>
<body>
<div>
    <script src="https://cdnjs.cloudflare.com/ajax/libs/mathjax/2.7.5/MathJax.js?config=TeX-AMS-MML_SVG"></script>
    <script type="text/javascript">
window.PlotlyConfig = {MathJaxConfig: 'local'};
</script>
<script src="https://cdn.plot.ly/plotly-2.3.0.min.js"></script>

    <div
        id=id-1
        class="plotly-graph-div"
        style="height:100%; width:100%;">
    </div>
    <script type="text/javascript">
        
        window.PLOTLYENV = window.PLOTLYENV || {}
        
        if (document.getElementById('id-1')) {
    Plotly.newPlot(
        'id-1',
        [{"showlegend":true,
"y":[0.0,5.0,10.0,15.0,20.0,25.0,30.0,35.0,40.0,45.0,50.0],
"type":"bar",
"y0":0.0,
"name":"Foo",
"yaxis":"y",
"orientation":"v",
"x":["Bar 1",
"Bar 2",
"Bar 3",
"Bar 4",
"Bar 5",
"Bar 6",
"Bar 7",
"Bar 8",
"Bar 9",
"Bar 10",
"Bar 11"]},
{"showlegend":true,
"y":[0.0,1.0,4.0,9.0,16.0,25.0,36.0,49.0,64.0,81.0,100.0],
"type":"bar",
"y0":0.0,
"name":"Bar",
"yaxis":"y",
"orientation":"v",
"x":["Bar 1",
"Bar 2",
"Bar 3",
"Bar 4",
"Bar 5",
"Bar 6",
"Bar 7",
"Bar 8",
"Bar 9",
"Bar 10",
"Bar 11"]},
{"showlegend":true,
"xaxis":"x99",
"x0":0,
"name":"yes",
"yaxis":"y99",
"legendgroup":"Annotation1",
"legendgrouptitle":{"text":"is"},
"marker":{"color":"black"},
"y":[0],
"type":"bar",
"y0":0,
"x":[0]},
{"showlegend":true,
"xaxis":"x99",
"x0":0,
"name":"maybe",
"yaxis":"y99",
"legendgroup":"Annotation1",
"marker":{"color":"darkgray"},
"y":[0],
"type":"bar",
"y0":0,
"x":[0]},
{"showlegend":true,
"xaxis":"x99",
"x0":0,
"name":"no",
"yaxis":"y99",
"legendgroup":"Annotation1",
"marker":{"color":"lightgray"},
"y":[0],
"type":"bar",
"y0":0,
"x":[0]},
{"showlegend":false,
"marker":{"color":["black",
"darkgray",
"lightgray",
"darkgray",
"black",
"darkgray",
"lightgray",
"darkgray",
"black",
"darkgray",
"lightgray"]},
"y":[1.0,1.0,1.0,1.0,1.0,1.0,1.0,1.0,1.0,1.0,1.0],
"type":"bar",
"y0":0.0,
"name":"is",
"yaxis":"y3",
"orientation":"v",
"x":["Bar 1",
"Bar 2",
"Bar 3",
"Bar 4",
"Bar 5",
"Bar 6",
"Bar 7",
"Bar 8",
"Bar 9",
"Bar 10",
"Bar 11"]}],
        {"showlegend":true,
"xaxis":{"showgrid":false,
"showticklabels":false},
"paper_bgcolor":"white",
"yaxis99":{"showgrid":false,
"showticklabels":false,
"domain":[0.0,0.001]},
"template":"simple_white",
"bargap":0.02,
"legend":{"tracegroupgap":0,
"itemdoubleclick":false},
"yaxis":{"showgrid":true,
"gridcolor":"lightgrey",
"showticklabels":true,
"zeroline":true,
"range":[-1.5,151.5],
"domain":[0.055,0.5275]},
"barmode":"stack",
"yaxis3":{"showgrid":true,
"gridcolor":"lightgrey",
"showticklabels":false,
"zeroline":false,
"title":"is",
"range":[0.0,1.0],
"domain":[0.0,0.05]},
"xaxis99":{"showgrid":false,
"showticklabels":false,
"domain":[0.0,0.001]},
"plot_bgcolor":"white",
"margin":{"l":50,
"b":50,
"r":50,
"t":50}},
        {"editable":false,
"responsive":true,
"staticPlot":false,
"scrollZoom":true},
    )
}

        
    </script>
</div>

</body>
</html>