<html>
<head><meta charset="utf-8" /></head>
<body>
<div>
    <script src="https://cdnjs.cloudflare.com/ajax/libs/mathjax/2.7.5/MathJax.js?config=TeX-AMS-MML_SVG"></script>
    <script type="text/javascript">
window.PlotlyConfig = {MathJaxConfig: 'local'};
</script>
<script src="https://cdn.plot.ly/plotly-2.3.0.min.js"></script>

    <div
        id=id-1
        class="plotly-graph-div"
        style="height:100%; width:100%;">
    </div>
    <script type="text/javascript">
        
        window.PLOTLYENV = window.PLOTLYENV || {}
        
        if (document.getElementById('id-1')) {
    Plotly.newPlot(
        'id-1',
        [{"showlegend":false,
"y":[0.0,5.0,10.0,15.0,20.0,25.0,30.0,35.0,40.0,45.0,50.0],
"type":"bar",
"y0":0.0,
"orientation":"v",
"x":["1",
"2",
"3",
"4",
"5",
"6",
"7",
"8",
"9",
"10",
"11"]},
{"showlegend":false,
"y":[0.0,1.0,4.0,9.0,16.0,25.0,36.0,49.0,64.0,81.0,100.0],
"type":"bar",
"y0":0.0,
"yaxis":"y2",
"orientation":"v",
"x":["1",
"2",
"3",
"4",
"5",
"6",
"7",
"8",
"9",
"10",
"11"]}],
        {"showlegend":false,
"xaxis":{"showgrid":false,
"showticklabels":false},
"paper_bgcolor":"white",
"bargap":0.02,
"template":"simple_white",
"legend":{"tracegroupgap":0},
"plot_bgcolor":"white",
"yaxis":{"showgrid":true,
"gridcolor":"lightgrey",
"showticklabels":true,
"zeroline":true,
"range":[-0.5,50.5],
"domain":[0.0,0.475]},
"yaxis2":{"showgrid":true,
"gridcolor":"lightgrey",
"showticklabels":true,
"zeroline":true,
"range":[-1.0,101.0],
"domain":[0.525,1.0]},
"margin":{"l":50,
"b":50,
"r":50,
"t":50}},
        {"editable":false,
"responsive":true,
"staticPlot":false,
"scrollZoom":true},
    )
}

        
    </script>
</div>

</body>
</html>